Component: ARM Compiler 5.06 update 7 (build 960) Tool: armlink [4d3601]

==============================================================================

Section Cross References

    startup_stm32f401xe.o(STACK) refers (Special) to heapauxi.o(.text) for __use_two_region_memory
    startup_stm32f401xe.o(HEAP) refers (Special) to heapauxi.o(.text) for __use_two_region_memory
    startup_stm32f401xe.o(RESET) refers (Special) to heapauxi.o(.text) for __use_two_region_memory
    startup_stm32f401xe.o(RESET) refers to startup_stm32f401xe.o(STACK) for __initial_sp
    startup_stm32f401xe.o(RESET) refers to startup_stm32f401xe.o(.text) for Reset_Handler
    startup_stm32f401xe.o(RESET) refers to stm32f4xx_it.o(i.NMI_Handler) for NMI_Handler
    startup_stm32f401xe.o(RESET) refers to stm32f4xx_it.o(i.HardFault_Handler) for HardFault_Handler
    startup_stm32f401xe.o(RESET) refers to stm32f4xx_it.o(i.MemManage_Handler) for MemManage_Handler
    startup_stm32f401xe.o(RESET) refers to stm32f4xx_it.o(i.BusFault_Handler) for BusFault_Handler
    startup_stm32f401xe.o(RESET) refers to stm32f4xx_it.o(i.UsageFault_Handler) for UsageFault_Handler
    startup_stm32f401xe.o(RESET) refers to stm32f4xx_it.o(i.SVC_Handler) for SVC_Handler
    startup_stm32f401xe.o(RESET) refers to stm32f4xx_it.o(i.DebugMon_Handler) for DebugMon_Handler
    startup_stm32f401xe.o(RESET) refers to stm32f4xx_it.o(i.PendSV_Handler) for PendSV_Handler
    startup_stm32f401xe.o(RESET) refers to time_delays.o(i.SysTick_Handler) for SysTick_Handler
    startup_stm32f401xe.o(.text) refers (Special) to heapauxi.o(.text) for __use_two_region_memory
    startup_stm32f401xe.o(.text) refers to system_stm32f4xx.o(i.SystemInit) for SystemInit
    startup_stm32f401xe.o(.text) refers to __main.o(!!!main) for __main
    startup_stm32f401xe.o(.text) refers to startup_stm32f401xe.o(HEAP) for Heap_Mem
    startup_stm32f401xe.o(.text) refers to startup_stm32f401xe.o(STACK) for Stack_Mem
    system_stm32f4xx.o(i.SystemCoreClockUpdate) refers to system_stm32f4xx.o(.data) for SystemCoreClock
    system_stm32f4xx.o(i.SystemCoreClockUpdate) refers to system_stm32f4xx.o(.constdata) for AHBPrescTable
    stm32f4xx_ll_utils.o(i.LL_PLL_ConfigSystemClock_HSE) refers to stm32f4xx_ll_utils.o(i.UTILS_PLL_IsBusy) for UTILS_PLL_IsBusy
    stm32f4xx_ll_utils.o(i.LL_PLL_ConfigSystemClock_HSE) refers to stm32f4xx_ll_utils.o(i.UTILS_GetPLLOutputFrequency) for UTILS_GetPLLOutputFrequency
    stm32f4xx_ll_utils.o(i.LL_PLL_ConfigSystemClock_HSE) refers to stm32f4xx_ll_utils.o(i.LL_RCC_HSE_IsReady) for LL_RCC_HSE_IsReady
    stm32f4xx_ll_utils.o(i.LL_PLL_ConfigSystemClock_HSE) refers to stm32f4xx_ll_utils.o(i.LL_RCC_PLL_ConfigDomain_SYS) for LL_RCC_PLL_ConfigDomain_SYS
    stm32f4xx_ll_utils.o(i.LL_PLL_ConfigSystemClock_HSE) refers to stm32f4xx_ll_utils.o(i.UTILS_EnablePLLAndSwitchSystem) for UTILS_EnablePLLAndSwitchSystem
    stm32f4xx_ll_utils.o(i.LL_PLL_ConfigSystemClock_HSI) refers to stm32f4xx_ll_utils.o(i.UTILS_PLL_IsBusy) for UTILS_PLL_IsBusy
    stm32f4xx_ll_utils.o(i.LL_PLL_ConfigSystemClock_HSI) refers to stm32f4xx_ll_utils.o(i.UTILS_GetPLLOutputFrequency) for UTILS_GetPLLOutputFrequency
    stm32f4xx_ll_utils.o(i.LL_PLL_ConfigSystemClock_HSI) refers to stm32f4xx_ll_utils.o(i.LL_RCC_HSI_IsReady) for LL_RCC_HSI_IsReady
    stm32f4xx_ll_utils.o(i.LL_PLL_ConfigSystemClock_HSI) refers to stm32f4xx_ll_utils.o(i.LL_RCC_PLL_ConfigDomain_SYS) for LL_RCC_PLL_ConfigDomain_SYS
    stm32f4xx_ll_utils.o(i.LL_PLL_ConfigSystemClock_HSI) refers to stm32f4xx_ll_utils.o(i.UTILS_EnablePLLAndSwitchSystem) for UTILS_EnablePLLAndSwitchSystem
    stm32f4xx_ll_utils.o(i.LL_SetSystemCoreClock) refers to system_stm32f4xx.o(.data) for SystemCoreClock
    stm32f4xx_ll_utils.o(i.UTILS_EnablePLLAndSwitchSystem) refers to stm32f4xx_ll_utils.o(i.UTILS_SetFlashLatency) for UTILS_SetFlashLatency
    stm32f4xx_ll_utils.o(i.UTILS_EnablePLLAndSwitchSystem) refers to stm32f4xx_ll_utils.o(i.LL_RCC_PLL_IsReady) for LL_RCC_PLL_IsReady
    stm32f4xx_ll_utils.o(i.UTILS_EnablePLLAndSwitchSystem) refers to stm32f4xx_ll_utils.o(i.LL_SetSystemCoreClock) for LL_SetSystemCoreClock
    stm32f4xx_ll_utils.o(i.UTILS_EnablePLLAndSwitchSystem) refers to system_stm32f4xx.o(.constdata) for AHBPrescTable
    stm32f4xx_ll_utils.o(i.UTILS_EnablePLLAndSwitchSystem) refers to system_stm32f4xx.o(.data) for SystemCoreClock
    stm32f4xx_ll_utils.o(i.UTILS_PLL_IsBusy) refers to stm32f4xx_ll_utils.o(i.LL_RCC_PLL_IsReady) for LL_RCC_PLL_IsReady
    stm32f4xx_ll_adc.o(i.LL_ADC_CommonInit) refers to stm32f4xx_ll_adc.o(i.LL_ADC_IsEnabled) for LL_ADC_IsEnabled
    stm32f4xx_ll_adc.o(i.LL_ADC_DeInit) refers to stm32f4xx_ll_adc.o(i.LL_ADC_IsEnabled) for LL_ADC_IsEnabled
    stm32f4xx_ll_adc.o(i.LL_ADC_INJ_Init) refers to stm32f4xx_ll_adc.o(i.LL_ADC_IsEnabled) for LL_ADC_IsEnabled
    stm32f4xx_ll_adc.o(i.LL_ADC_Init) refers to stm32f4xx_ll_adc.o(i.LL_ADC_IsEnabled) for LL_ADC_IsEnabled
[...]
    libshutdown.o(.ARM.Collect$$libshutdown$$00000000) refers (Special) to libshutdown2.o(.ARM.Collect$$libshutdown$$0000000C) for __rt_lib_shutdown_signal_1
    libshutdown.o(.ARM.Collect$$libshutdown$$00000000) refers (Special) to libshutdown2.o(.ARM.Collect$$libshutdown$$00000006) for __rt_lib_shutdown_stdio_1
    libshutdown.o(.ARM.Collect$$libshutdown$$00000000) refers (Special) to libshutdown2.o(.ARM.Collect$$libshutdown$$0000000E) for __rt_lib_shutdown_user_alloc_1
    sys_command.o(.text) refers (Special) to use_no_semi.o(.text) for __I$use$semihosting
    sys_command.o(.text) refers (Special) to indicate_semi.o(.text) for __semihosting_library_function
    defsig_rtmem_outer.o(.text) refers to defsig_rtmem_inner.o(.text) for __rt_SIGRTMEM_inner
    defsig_rtmem_outer.o(.text) refers to defsig_exit.o(.text) for __sig_exit
    defsig_rtmem_formal.o(.text) refers to rt_raise.o(.text) for __rt_raise
    rt_raise.o(.text) refers to __raise.o(.text) for __raise
    rt_raise.o(.text) refers to sys_exit.o(.text) for _sys_exit
    defsig_exit.o(.text) refers to sys_exit.o(.text) for _sys_exit
    defsig_rtmem_inner.o(.text) refers to defsig_general.o(.text) for __default_signal_display
    __raise.o(.text) refers to defsig.o(CL$$defsig) for __default_signal_handler
    defsig_general.o(.text) refers to sys_wrch.o(.text) for _ttywrch
    sys_wrch.o(.text) refers (Special) to use_no_semi.o(.text) for __I$use$semihosting
    sys_wrch.o(.text) refers (Special) to indicate_semi.o(.text) for __semihosting_library_function
    defsig.o(CL$$defsig) refers to defsig_rtmem_inner.o(.text) for __rt_SIGRTMEM_inner
    defsig_abrt_inner.o(.text) refers to defsig_general.o(.text) for __default_signal_display
    defsig_fpe_inner.o(.text) refers to defsig_general.o(.text) for __default_signal_display
    defsig_rtred_inner.o(.text) refers to defsig_general.o(.text) for __default_signal_display
    defsig_stak_inner.o(.text) refers to defsig_general.o(.text) for __default_signal_display
    defsig_pvfn_inner.o(.text) refers to defsig_general.o(.text) for __default_signal_display
    defsig_cppl_inner.o(.text) refers to defsig_general.o(.text) for __default_signal_display
    defsig_segv_inner.o(.text) refers to defsig_general.o(.text) for __default_signal_display
    defsig_other.o(.text) refers to defsig_general.o(.text) for __default_signal_display


==============================================================================

Removing Unused input sections from the image.

    Removing stm32f4xx_it.o(.rev16_text), (4 bytes).
    Removing stm32f4xx_it.o(.revsh_text), (4 bytes).
    Removing stm32f4xx_it.o(.rrx_text), (6 bytes).
    Removing stm32f4xx_it.o(.constdata), (43 bytes).
    Removing system_stm32f4xx.o(.rev16_text), (4 bytes).
    Removing system_stm32f4xx.o(.revsh_text), (4 bytes).
    Removing system_stm32f4xx.o(.rrx_text), (6 bytes).
    Removing system_stm32f4xx.o(i.SystemCoreClockUpdate), (192 bytes).
    Removing system_stm32f4xx.o(.constdata), (24 bytes).
    Removing stm32f4xx_ll_utils.o(.rev16_text), (4 bytes).
    Removing stm32f4xx_ll_utils.o(.revsh_text), (4 bytes).
    Removing stm32f4xx_ll_utils.o(.rrx_text), (6 bytes).
    Removing stm32f4xx_ll_utils.o(i.LL_Init1msTick), (28 bytes).
    Removing stm32f4xx_ll_utils.o(i.LL_PLL_ConfigSystemClock_HSE), (152 bytes).
    Removing stm32f4xx_ll_utils.o(i.LL_PLL_ConfigSystemClock_HSI), (104 bytes).
    Removing stm32f4xx_ll_utils.o(i.LL_RCC_HSE_IsReady), (16 bytes).
    Removing stm32f4xx_ll_utils.o(i.LL_RCC_HSI_IsReady), (16 bytes).
    Removing stm32f4xx_ll_utils.o(i.LL_RCC_PLL_ConfigDomain_SYS), (48 bytes).
    Removing stm32f4xx_ll_utils.o(i.LL_RCC_PLL_IsReady), (16 bytes).
    Removing stm32f4xx_ll_utils.o(i.LL_SetSystemCoreClock), (12 bytes).
    Removing stm32f4xx_ll_utils.o(i.UTILS_EnablePLLAndSwitchSystem), (212 bytes).
    Removing stm32f4xx_ll_utils.o(i.UTILS_GetPLLOutputFrequency), (40 bytes).
    Removing stm32f4xx_ll_utils.o(i.UTILS_PLL_IsBusy), (36 bytes).
    Removing stm32f4xx_ll_utils.o(i.UTILS_SetFlashLatency), (148 bytes).
    Removing stm32f4xx_ll_adc.o(.rev16_text), (4 bytes).
    Removing stm32f4xx_ll_adc.o(.revsh_text), (4 bytes).
    Removing stm32f4xx_ll_adc.o(.rrx_text), (6 bytes).
    Removing stm32f4xx_ll_adc.o(i.LL_ADC_CommonDeInit), (40 bytes).
    Removing stm32f4xx_ll_adc.o(i.LL_ADC_CommonInit), (44 bytes).
    Removing stm32f4xx_ll_adc.o(i.LL_ADC_CommonStructInit), (6 bytes).
    Removing stm32f4xx_ll_adc.o(i.LL_ADC_DeInit), (212 bytes).
    Removing stm32f4xx_ll_adc.o(i.LL_ADC_INJ_Init), (94 bytes).
    Removing stm32f4xx_ll_adc.o(i.LL_ADC_INJ_StructInit), (12 bytes).
    Removing stm32f4xx_ll_adc.o(i.LL_ADC_Init), (56 bytes).
    Removing stm32f4xx_ll_adc.o(i.LL_ADC_IsEnabled), (10 bytes).
    Removing stm32f4xx_ll_adc.o(i.LL_ADC_REG_Init), (108 bytes).
    Removing stm32f4xx_ll_adc.o(i.LL_ADC_REG_StructInit), (14 bytes).
    Removing stm32f4xx_ll_adc.o(i.LL_ADC_StructInit), (14 bytes).
    Removing stm32f4xx_ll_gpio.o(.rev16_text), (4 bytes).
    Removing stm32f4xx_ll_gpio.o(.revsh_text), (4 bytes).
    Removing stm32f4xx_ll_gpio.o(.rrx_text), (6 bytes).
    Removing stm32f4xx_ll_gpio.o(i.LL_AHB1_GRP1_ForceReset), (16 bytes).
    Removing stm32f4xx_ll_gpio.o(i.LL_AHB1_GRP1_ReleaseReset), (16 bytes).
    Removing stm32f4xx_ll_gpio.o(i.LL_GPIO_DeInit), (156 bytes).
    Removing stm32f4xx_ll_gpio.o(i.LL_GPIO_Init), (324 bytes).
    Removing stm32f4xx_ll_gpio.o(i.LL_GPIO_StructInit), (22 bytes).
    Removing stm32f4xx_ll_dma.o(.rev16_text), (4 bytes).
    Removing stm32f4xx_ll_dma.o(.revsh_text), (4 bytes).
    Removing stm32f4xx_ll_dma.o(.rrx_text), (6 bytes).
    Removing stm32f4xx_ll_dma.o(i.LL_AHB1_GRP1_ForceReset), (16 bytes).
    Removing stm32f4xx_ll_dma.o(i.LL_AHB1_GRP1_ReleaseReset), (16 bytes).
    Removing stm32f4xx_ll_dma.o(i.LL_DMA_DeInit), (480 bytes).
    Removing stm32f4xx_ll_dma.o(i.LL_DMA_Init), (216 bytes).
    Removing stm32f4xx_ll_dma.o(i.LL_DMA_SetChannelSelection), (28 bytes).
    Removing stm32f4xx_ll_dma.o(i.LL_DMA_StructInit), (34 bytes).
    Removing stm32f4xx_ll_dma.o(.constdata), (8 bytes).
    Removing stm32f4xx_ll_exti.o(.rev16_text), (4 bytes).
    Removing stm32f4xx_ll_exti.o(.revsh_text), (4 bytes).
    Removing stm32f4xx_ll_exti.o(.rrx_text), (6 bytes).
    Removing stm32f4xx_ll_exti.o(i.LL_EXTI_DeInit), (40 bytes).
    Removing stm32f4xx_ll_exti.o(i.LL_EXTI_DisableEvent_0_31), (16 bytes).
    Removing stm32f4xx_ll_exti.o(i.LL_EXTI_DisableIT_0_31), (16 bytes).
    Removing stm32f4xx_ll_exti.o(i.LL_EXTI_EnableEvent_0_31), (16 bytes).
    Removing stm32f4xx_ll_exti.o(i.LL_EXTI_EnableFallingTrig_0_31), (16 bytes).
    Removing stm32f4xx_ll_exti.o(i.LL_EXTI_EnableIT_0_31), (16 bytes).
    Removing stm32f4xx_ll_exti.o(i.LL_EXTI_EnableRisingTrig_0_31), (16 bytes).
    Removing stm32f4xx_ll_exti.o(i.LL_EXTI_Init), (188 bytes).
    Removing stm32f4xx_ll_exti.o(i.LL_EXTI_StructInit), (14 bytes).
    Removing stm32f4xx_ll_i2c.o(.rev16_text), (4 bytes).
    Removing stm32f4xx_ll_i2c.o(.revsh_text), (4 bytes).
    Removing stm32f4xx_ll_i2c.o(.rrx_text), (6 bytes).
    Removing stm32f4xx_ll_i2c.o(i.LL_APB1_GRP1_ForceReset), (16 bytes).
    Removing stm32f4xx_ll_i2c.o(i.LL_APB1_GRP1_ReleaseReset), (16 bytes).
    Removing stm32f4xx_ll_i2c.o(i.LL_I2C_ConfigSpeed), (188 bytes).
    Removing stm32f4xx_ll_i2c.o(i.LL_I2C_DeInit), (92 bytes).
    Removing stm32f4xx_ll_i2c.o(i.LL_I2C_Init), (124 bytes).
    Removing stm32f4xx_ll_i2c.o(i.LL_I2C_StructInit), (30 bytes).
    Removing stm32f4xx_ll_pwr.o(.rev16_text), (4 bytes).
    Removing stm32f4xx_ll_pwr.o(.revsh_text), (4 bytes).
    Removing stm32f4xx_ll_pwr.o(.rrx_text), (6 bytes).
    Removing stm32f4xx_ll_pwr.o(i.LL_PWR_DeInit), (36 bytes).
    Removing stm32f4xx_ll_rcc.o(.rev16_text), (4 bytes).
    Removing stm32f4xx_ll_rcc.o(.revsh_text), (4 bytes).
    Removing stm32f4xx_ll_rcc.o(.rrx_text), (6 bytes).
    Removing stm32f4xx_ll_rcc.o(i.LL_RCC_DeInit), (120 bytes).
    Removing stm32f4xx_ll_rcc.o(i.LL_RCC_GetI2SClockFreq), (72 bytes).
    Removing stm32f4xx_ll_rcc.o(i.LL_RCC_GetSDIOClockFreq), (28 bytes).
    Removing stm32f4xx_ll_rcc.o(i.LL_RCC_GetSystemClocksFreq), (36 bytes).
    Removing stm32f4xx_ll_rcc.o(i.LL_RCC_GetUSBClockFreq), (22 bytes).
    Removing stm32f4xx_ll_rcc.o(i.LL_RCC_PLL_GetN), (16 bytes).
    Removing stm32f4xx_ll_rcc.o(i.LL_RCC_PLL_IsReady), (16 bytes).
    Removing stm32f4xx_ll_rcc.o(i.RCC_GetHCLKClockFreq), (32 bytes).
    Removing stm32f4xx_ll_rcc.o(i.RCC_GetPCLK1ClockFreq), (36 bytes).
    Removing stm32f4xx_ll_rcc.o(i.RCC_GetPCLK2ClockFreq), (36 bytes).
    Removing stm32f4xx_ll_rcc.o(i.RCC_GetSystemClockFreq), (68 bytes).
    Removing stm32f4xx_ll_rcc.o(i.RCC_PLLI2S_GetFreqDomain_I2S), (96 bytes).
    Removing stm32f4xx_ll_rcc.o(i.RCC_PLL_GetFreqDomain_48M), (92 bytes).
    Removing stm32f4xx_ll_rcc.o(i.RCC_PLL_GetFreqDomain_SYS), (112 bytes).
    Removing stm32f4xx_ll_rtc.o(.rev16_text), (4 bytes).
    Removing stm32f4xx_ll_rtc.o(.revsh_text), (4 bytes).
    Removing stm32f4xx_ll_rtc.o(.rrx_text), (6 bytes).
    Removing stm32f4xx_ll_rtc.o(i.LL_RTC_ALMA_ConfigTime), (72 bytes).
    Removing stm32f4xx_ll_rtc.o(i.LL_RTC_ALMA_Init), (302 bytes).
    Removing stm32f4xx_ll_rtc.o(i.LL_RTC_ALMA_SetDay), (26 bytes).
    Removing stm32f4xx_ll_rtc.o(i.LL_RTC_ALMA_StructInit), (22 bytes).
    Removing stm32f4xx_ll_rtc.o(i.LL_RTC_ALMB_ConfigTime), (72 bytes).
    Removing stm32f4xx_ll_rtc.o(i.LL_RTC_ALMB_Init), (302 bytes).
    Removing stm32f4xx_ll_rtc.o(i.LL_RTC_ALMB_SetDay), (36 bytes).
    Removing stm32f4xx_ll_rtc.o(i.LL_RTC_ALMB_StructInit), (22 bytes).
    Removing stm32f4xx_ll_rtc.o(i.LL_RTC_DATE_Config), (72 bytes).
    Removing stm32f4xx_ll_rtc.o(i.LL_RTC_DATE_Init), (220 bytes).
    Removing stm32f4xx_ll_rtc.o(i.LL_RTC_DATE_StructInit), (14 bytes).
    Removing stm32f4xx_ll_rtc.o(i.LL_RTC_DeInit), (80 bytes).
    Removing stm32f4xx_ll_rtc.o(i.LL_RTC_DisableInitMode), (8 bytes).
    Removing stm32f4xx_ll_rtc.o(i.LL_RTC_DisableWriteProtection), (10 bytes).
    Removing stm32f4xx_ll_rtc.o(i.LL_RTC_EnableWriteProtection), (6 bytes).
    Removing stm32f4xx_ll_rtc.o(i.LL_RTC_EnterInitMode), (80 bytes).
    Removing stm32f4xx_ll_rtc.o(i.LL_RTC_ExitInitMode), (14 bytes).
    Removing stm32f4xx_ll_rtc.o(i.LL_RTC_GetHourFormat), (10 bytes).
    Removing stm32f4xx_ll_rtc.o(i.LL_RTC_Init), (84 bytes).
    Removing stm32f4xx_ll_rtc.o(i.LL_RTC_IsActiveFlag_INIT), (10 bytes).
    Removing stm32f4xx_ll_rtc.o(i.LL_RTC_IsActiveFlag_RS), (10 bytes).
    Removing stm32f4xx_ll_rtc.o(i.LL_RTC_IsShadowRegBypassEnabled), (10 bytes).
    Removing stm32f4xx_ll_rtc.o(i.LL_RTC_StructInit), (14 bytes).
    Removing stm32f4xx_ll_rtc.o(i.LL_RTC_TIME_Config), (72 bytes).
    Removing stm32f4xx_ll_rtc.o(i.LL_RTC_TIME_Init), (228 bytes).
    Removing stm32f4xx_ll_rtc.o(i.LL_RTC_TIME_StructInit), (12 bytes).
    Removing stm32f4xx_ll_rtc.o(i.LL_RTC_WaitForSynchro), (134 bytes).
    Removing stm32f4xx_ll_rtc.o(i.LL_SYSTICK_IsActiveCounterFlag), (12 bytes).
    Removing stm32f4xx_ll_spi.o(.rev16_text), (4 bytes).
    Removing stm32f4xx_ll_spi.o(.revsh_text), (4 bytes).
    Removing stm32f4xx_ll_spi.o(.rrx_text), (6 bytes).
    Removing stm32f4xx_ll_spi.o(i.LL_APB1_GRP1_ForceReset), (16 bytes).
    Removing stm32f4xx_ll_spi.o(i.LL_APB1_GRP1_ReleaseReset), (16 bytes).
    Removing stm32f4xx_ll_spi.o(i.LL_APB2_GRP1_ForceReset), (16 bytes).
    Removing stm32f4xx_ll_spi.o(i.LL_APB2_GRP1_ReleaseReset), (16 bytes).
    Removing stm32f4xx_ll_spi.o(i.LL_I2S_ConfigPrescaler), (18 bytes).
    Removing stm32f4xx_ll_spi.o(i.LL_I2S_DeInit), (12 bytes).
    Removing stm32f4xx_ll_spi.o(i.LL_I2S_Init), (202 bytes).
    Removing stm32f4xx_ll_spi.o(i.LL_I2S_InitFullDuplex), (96 bytes).
    Removing stm32f4xx_ll_spi.o(i.LL_I2S_IsEnabled), (10 bytes).
    Removing stm32f4xx_ll_spi.o(i.LL_I2S_StructInit), (20 bytes).
    Removing stm32f4xx_ll_spi.o(i.LL_SPI_DeInit), (108 bytes).
    Removing stm32f4xx_ll_spi.o(i.LL_SPI_Init), (108 bytes).
    Removing stm32f4xx_ll_spi.o(i.LL_SPI_StructInit), (26 bytes).
    Removing stm32f4xx_ll_tim.o(.rev16_text), (4 bytes).
    Removing stm32f4xx_ll_tim.o(.revsh_text), (4 bytes).
    Removing stm32f4xx_ll_tim.o(.rrx_text), (6 bytes).
    Removing stm32f4xx_ll_tim.o(i.IC1Config), (52 bytes).
    Removing stm32f4xx_ll_tim.o(i.IC2Config), (56 bytes).
    Removing stm32f4xx_ll_tim.o(i.IC3Config), (58 bytes).
    Removing stm32f4xx_ll_tim.o(i.IC4Config), (58 bytes).
    Removing stm32f4xx_ll_tim.o(i.LL_APB1_GRP1_ForceReset), (16 bytes).
    Removing stm32f4xx_ll_tim.o(i.LL_APB1_GRP1_ReleaseReset), (16 bytes).
    Removing stm32f4xx_ll_tim.o(i.LL_APB2_GRP1_ForceReset), (16 bytes).
    Removing stm32f4xx_ll_tim.o(i.LL_APB2_GRP1_ReleaseReset), (16 bytes).
    Removing stm32f4xx_ll_tim.o(i.LL_TIM_BDTR_Init), (82 bytes).
    Removing stm32f4xx_ll_tim.o(i.LL_TIM_BDTR_StructInit), (18 bytes).
    Removing stm32f4xx_ll_tim.o(i.LL_TIM_DeInit), (212 bytes).
    Removing stm32f4xx_ll_tim.o(i.LL_TIM_ENCODER_Init), (104 bytes).
    Removing stm32f4xx_ll_tim.o(i.LL_TIM_ENCODER_StructInit), (36 bytes).
    Removing stm32f4xx_ll_tim.o(i.LL_TIM_HALLSENSOR_Init), (124 bytes).
    Removing stm32f4xx_ll_tim.o(i.LL_TIM_HALLSENSOR_StructInit), (12 bytes).
    Removing stm32f4xx_ll_tim.o(i.LL_TIM_IC_Init), (92 bytes).
    Removing stm32f4xx_ll_tim.o(i.LL_TIM_IC_StructInit), (18 bytes).
    Removing stm32f4xx_ll_tim.o(i.LL_TIM_Init), (180 bytes).
    Removing stm32f4xx_ll_tim.o(i.LL_TIM_OC_Init), (92 bytes).
    Removing stm32f4xx_ll_tim.o(i.LL_TIM_OC_SetCompareCH2), (4 bytes).
    Removing stm32f4xx_ll_tim.o(i.LL_TIM_OC_StructInit), (20 bytes).
    Removing stm32f4xx_ll_tim.o(i.LL_TIM_StructInit), (18 bytes).
    Removing stm32f4xx_ll_tim.o(i.OC1Config), (124 bytes).
    Removing stm32f4xx_ll_tim.o(i.OC2Config), (136 bytes).
    Removing stm32f4xx_ll_tim.o(i.OC3Config), (124 bytes).
    Removing stm32f4xx_ll_tim.o(i.OC4Config), (96 bytes).
    Removing stm32f4xx_ll_tim.o(.constdata), (35 bytes).
    Removing stm32f4xx_ll_usart.o(.rev16_text), (4 bytes).
    Removing stm32f4xx_ll_usart.o(.revsh_text), (4 bytes).
    Removing stm32f4xx_ll_usart.o(.rrx_text), (6 bytes).
    Removing stm32f4xx_ll_usart.o(i.LL_APB2_GRP1_ForceReset), (16 bytes).
    Removing stm32f4xx_ll_usart.o(i.LL_APB2_GRP1_ReleaseReset), (16 bytes).
    Removing stm32f4xx_ll_usart.o(i.LL_USART_ClockInit), (66 bytes).
    Removing stm32f4xx_ll_usart.o(i.LL_USART_ClockStructInit), (12 bytes).
    Removing stm32f4xx_ll_usart.o(i.LL_USART_DeInit), (104 bytes).
    Removing stm32f4xx_ll_usart.o(i.LL_USART_Init), (152 bytes).
    Removing stm32f4xx_ll_usart.o(i.LL_USART_IsEnabled), (10 bytes).
    Removing stm32f4xx_ll_usart.o(i.LL_USART_SetBaudRate), (322 bytes).
    Removing stm32f4xx_ll_usart.o(i.LL_USART_StructInit), (26 bytes).
    Removing time_delays.o(.rev16_text), (4 bytes).
    Removing time_delays.o(.revsh_text), (4 bytes).
    Removing time_delays.o(.rrx_text), (6 bytes).
    Removing time_delays.o(i.delay_ms), (56 bytes).
    Removing time_delays.o(i.delay_us), (56 bytes).
    Removing time_delays.o(i.micros), (12 bytes).
    Removing time_delays.o(i.millis), (12 bytes).
    Removing clk_config.o(.rev16_text), (4 bytes).
    Removing clk_config.o(.revsh_text), (4 bytes).
    Removing clk_config.o(.rrx_text), (6 bytes).
    Removing lcd_display.o(.rev16_text), (4 bytes).
    Removing lcd_display.o(.revsh_text), (4 bytes).
    Removing lcd_display.o(.rrx_text), (6 bytes).
    Removing lcd_display.o(i.Display_Character_A), (56 bytes).
    Removing lcd_display.o(i.Display_Hello), (172 bytes).
    Removing lcd_display.o(i.Fill_Page), (96 bytes).
    Removing lcd_display.o(i.LCD_Display_Config), (24 bytes).
    Removing lcd_display.o(i.Set_Contrast), (20 bytes).
    Removing lcd_display.o(i.Write_Test_Character), (68 bytes).
    Removing lcd_display.o(i.columns), (24 bytes).
    Removing lcd_display.o(i.rows), (24 bytes).
    Removing lcd_display.o(.constdata), (43 bytes).
    Removing main.o(.rev16_text), (4 bytes).
    Removing main.o(.revsh_text), (4 bytes).
    Removing main.o(.rrx_text), (6 bytes).
    Removing main.o(.data), (4 bytes).

213 unused section(s) (total 10727 bytes) removed from the image.

==============================================================================

Image Symbol Table

    Local Symbols

    Symbol Name                              Value     Ov Type        Size  Object(Section)

    ../clib/angel/boardlib.s                 0x00000000   Number         0  boardinit3.o ABSOLUTE
    ../clib/angel/boardlib.s                 0x00000000   Number         0  boardinit2.o ABSOLUTE
    ../clib/angel/boardlib.s                 0x00000000   Number         0  boardshut.o ABSOLUTE
    ../clib/angel/boardlib.s                 0x00000000   Number         0  boardinit1.o ABSOLUTE
    ../clib/angel/handlers.s                 0x00000000   Number         0  __scatter_zi.o ABSOLUTE
    ../clib/angel/handlers.s                 0x00000000   Number         0  __scatter_copy.o ABSOLUTE
    ../clib/angel/kernel.s                   0x00000000   Number         0  rtexit.o ABSOLUTE
    ../clib/angel/kernel.s                   0x00000000   Number         0  __rtentry4.o ABSOLUTE
    ../clib/angel/kernel.s                   0x00000000   Number         0  __rtentry2.o ABSOLUTE
    ../clib/angel/kernel.s                   0x00000000   Number         0  rtexit2.o ABSOLUTE
    ../clib/angel/kernel.s                   0x00000000   Number         0  __rtentry.o ABSOLUTE
    ../clib/angel/rt.s                       0x00000000   Number         0  rt_raise.o ABSOLUTE
    ../clib/angel/scatter.s                  0x00000000   Number         0  __scatter.o ABSOLUTE
    ../clib/angel/startup.s                  0x00000000   Number         0  __main.o ABSOLUTE
    ../clib/angel/sys.s                      0x00000000   Number         0  indicate_semi.o ABSOLUTE
    ../clib/angel/sys.s                      0x00000000   Number         0  sys_stackheap_outer.o ABSOLUTE
    ../clib/angel/sys.s                      0x00000000   Number         0  libspace.o ABSOLUTE
    ../clib/angel/sys.s                      0x00000000   Number         0  use_no_semi.o ABSOLUTE
    ../clib/angel/sysapp.c                   0x00000000   Number         0  sys_command.o ABSOLUTE
    ../clib/angel/sysapp.c                   0x00000000   Number         0  sys_wrch.o ABSOLUTE
    ../clib/angel/sysapp.c                   0x00000000   Number         0  sys_exit.o ABSOLUTE
    ../clib/armsys.c                         0x00000000   Number         0  argv_veneer.o ABSOLUTE
    ../clib/armsys.c                         0x00000000   Number         0  no_argv.o ABSOLUTE
    ../clib/armsys.c                         0x00000000   Number         0  _get_argv_nomalloc.o ABSOLUTE
    ../clib/armsys.c                         0x00000000   Number         0  argv_veneer.o ABSOLUTE
    ../clib/heapalloc.c                      0x00000000   Number         0  hrguard.o ABSOLUTE
    ../clib/heapaux.c                        0x00000000   Number         0  heapauxi.o ABSOLUTE
    ../clib/libinit.s                        0x00000000   Number         0  libinit2.o ABSOLUTE
    ../clib/libinit.s                        0x00000000   Number         0  libshutdown2.o ABSOLUTE
    ../clib/libinit.s                        0x00000000   Number         0  libinit.o ABSOLUTE
    ../clib/libinit.s                        0x00000000   Number         0  libshutdown.o ABSOLUTE
    ../clib/memcpset.s                       0x00000000   Number         0  rt_memclr.o ABSOLUTE
    ../clib/memcpset.s                       0x00000000   Number         0  rt_memclr_w.o ABSOLUTE
    ../clib/printf.c                         0x00000000   Number         0  __printf_flags.o ABSOLUTE
    ../clib/printf.c                         0x00000000   Number         0  _printf_hex_int_ll_ptr.o ABSOLUTE
    ../clib/printf.c                         0x00000000   Number         0  _printf_hex_ll_ptr.o ABSOLUTE
    ../clib/printf.c                         0x00000000   Number         0  _sputc.o ABSOLUTE
    ../clib/printf.c                         0x00000000   Number         0  _printf_char_common.o ABSOLUTE
    ../clib/printf.c                         0x00000000   Number         0  _printf_intcommon.o ABSOLUTE
    ../clib/printf.c                         0x00000000   Number         0  _printf_hex_int_ptr.o ABSOLUTE
    ../clib/printf.c                         0x00000000   Number         0  _printf_hex_ptr.o ABSOLUTE
    ../clib/printf.c                         0x00000000   Number         0  _printf_hex_int_ll.o ABSOLUTE
    ../clib/printf.c                         0x00000000   Number         0  _printf_hex_int.o ABSOLUTE
    ../clib/printf.c                         0x00000000   Number         0  _printf_hex_ll.o ABSOLUTE
    ../clib/printf.c                         0x00000000   Number         0  __printf_flags_ss_wp.o ABSOLUTE
    ../clib/printf.c                         0x00000000   Number         0  __printf.o ABSOLUTE
    ../clib/printf.c                         0x00000000   Number         0  noretval__2sprintf.o ABSOLUTE
    ../clib/printf.c                         0x00000000   Number         0  __printf_ss_wp.o ABSOLUTE
    ../clib/printf.c                         0x00000000   Number         0  __printf_flags_wp.o ABSOLUTE
    ../clib/printf.c                         0x00000000   Number         0  __2sprintf.o ABSOLUTE
    ../clib/printf.c                         0x00000000   Number         0  __printf_nopercent.o ABSOLUTE
    ../clib/printf.c                         0x00000000   Number         0  __printf_wp.o ABSOLUTE
    ../clib/printf.c                         0x00000000   Number         0  __printf_flags_ss.o ABSOLUTE
    ../clib/printf.c                         0x00000000   Number         0  __printf_ss.o ABSOLUTE
    ../clib/printf_percent.s                 0x00000000   Number         0  _printf_x.o ABSOLUTE
    ../clib/printf_percent.s                 0x00000000   Number         0  _printf_percent_end.o ABSOLUTE
    ../clib/printf_percent.s                 0x00000000   Number         0  _printf_percent.o ABSOLUTE
    ../clib/signal.c                         0x00000000   Number         0  defsig_other.o ABSOLUTE
    ../clib/signal.c                         0x00000000   Number         0  defsig_segv_inner.o ABSOLUTE
    ../clib/signal.c                         0x00000000   Number         0  defsig_cppl_inner.o ABSOLUTE
    ../clib/signal.c                         0x00000000   Number         0  defsig_pvfn_inner.o ABSOLUTE
    ../clib/signal.c                         0x00000000   Number         0  defsig_rtmem_inner.o ABSOLUTE
    ../clib/signal.c                         0x00000000   Number         0  defsig_stak_inner.o ABSOLUTE
    ../clib/signal.c                         0x00000000   Number         0  defsig_rtred_inner.o ABSOLUTE
    ../clib/signal.c                         0x00000000   Number         0  defsig_fpe_inner.o ABSOLUTE
    ../clib/signal.c                         0x00000000   Number         0  defsig_abrt_inner.o ABSOLUTE
    ../clib/signal.c                         0x00000000   Number         0  defsig_exit.o ABSOLUTE
    ../clib/signal.c                         0x00000000   Number         0  defsig_general.o ABSOLUTE
    ../clib/signal.c                         0x00000000   Number         0  __raise.o ABSOLUTE
    ../clib/signal.c                         0x00000000   Number         0  defsig_rtmem_outer.o ABSOLUTE
    ../clib/signal.c                         0x00000000   Number         0  defsig_rtmem_formal.o ABSOLUTE
    ../clib/signal.s                         0x00000000   Number         0  defsig.o ABSOLUTE
    ../clib/stdlib.c                         0x00000000   Number         0  exit.o ABSOLUTE
    ../clib/string.c                         0x00000000   Number         0  strlen.o ABSOLUTE
    ../fplib/fpinit.s                        0x00000000   Number         0  fpinit.o ABSOLUTE
    Clk_Config.c                             0x00000000   Number         0  clk_config.o ABSOLUTE
    Clk_Config.c                             0x00000000   Number         0  clk_config.o ABSOLUTE
    LCD_Display.c                            0x00000000   Number         0  lcd_display.o ABSOLUTE
    LCD_Display.c                            0x00000000   Number         0  lcd_display.o ABSOLUTE
    Low_Layer_Library\\stm32f4xx_ll_adc.c    0x00000000   Number         0  stm32f4xx_ll_adc.o ABSOLUTE
    Low_Layer_Library\\stm32f4xx_ll_dma.c    0x00000000   Number         0  stm32f4xx_ll_dma.o ABSOLUTE
    Low_Layer_Library\\stm32f4xx_ll_exti.c   0x00000000   Number         0  stm32f4xx_ll_exti.o ABSOLUTE
    Low_Layer_Library\\stm32f4xx_ll_gpio.c   0x00000000   Number         0  stm32f4xx_ll_gpio.o ABSOLUTE
    Low_Layer_Library\\stm32f4xx_ll_i2c.c    0x00000000   Number         0  stm32f4xx_ll_i2c.o ABSOLUTE
    Low_Layer_Library\\stm32f4xx_ll_pwr.c    0x00000000   Number         0  stm32f4xx_ll_pwr.o ABSOLUTE
    Low_Layer_Library\\stm32f4xx_ll_rcc.c    0x00000000   Number         0  stm32f4xx_ll_rcc.o ABSOLUTE
    Low_Layer_Library\\stm32f4xx_ll_rtc.c    0x00000000   Number         0  stm32f4xx_ll_rtc.o ABSOLUTE
    Low_Layer_Library\\stm32f4xx_ll_spi.c    0x00000000   Number         0  stm32f4xx_ll_spi.o ABSOLUTE
    Low_Layer_Library\\stm32f4xx_ll_tim.c    0x00000000   Number         0  stm32f4xx_ll_tim.o ABSOLUTE
    Low_Layer_Library\\stm32f4xx_ll_usart.c  0x00000000   Number         0  stm32f4xx_ll_usart.o ABSOLUTE
    Low_Layer_Library\\stm32f4xx_ll_utils.c  0x00000000   Number         0  stm32f4xx_ll_utils.o ABSOLUTE
    Low_Layer_Library\stm32f4xx_ll_adc.c     0x00000000   Number         0  stm32f4xx_ll_adc.o ABSOLUTE
    Low_Layer_Library\stm32f4xx_ll_dma.c     0x00000000   Number         0  stm32f4xx_ll_dma.o ABSOLUTE
    Low_Layer_Library\stm32f4xx_ll_exti.c    0x00000000   Number         0  stm32f4xx_ll_exti.o ABSOLUTE
    Low_Layer_Library\stm32f4xx_ll_gpio.c    0x00000000   Number         0  stm32f4xx_ll_gpio.o ABSOLUTE
    Low_Layer_Library\stm32f4xx_ll_i2c.c     0x00000000   Number         0  stm32f4xx_ll_i2c.o ABSOLUTE
    Low_Layer_Library\stm32f4xx_ll_pwr.c     0x00000000   Number         0  stm32f4xx_ll_pwr.o ABSOLUTE
    Low_Layer_Library\stm32f4xx_ll_rcc.c     0x00000000   Number         0  stm32f4xx_ll_rcc.o ABSOLUTE
    Low_Layer_Library\stm32f4xx_ll_rtc.c     0x00000000   Number         0  stm32f4xx_ll_rtc.o ABSOLUTE
    Low_Layer_Library\stm32f4xx_ll_spi.c     0x00000000   Number         0  stm32f4xx_ll_spi.o ABSOLUTE
    Low_Layer_Library\stm32f4xx_ll_tim.c     0x00000000   Number         0  stm32f4xx_ll_tim.o ABSOLUTE
    Low_Layer_Library\stm32f4xx_ll_usart.c   0x00000000   Number         0  stm32f4xx_ll_usart.o ABSOLUTE
    Low_Layer_Library\stm32f4xx_ll_utils.c   0x00000000   Number         0  stm32f4xx_ll_utils.o ABSOLUTE
    System_Files\\system_stm32f4xx.c         0x00000000   Number         0  system_stm32f4xx.o ABSOLUTE
    System_Files\startup_stm32f401xe.s       0x00000000   Number         0  startup_stm32f401xe.o ABSOLUTE
    System_Files\system_stm32f4xx.c          0x00000000   Number         0  system_stm32f4xx.o ABSOLUTE
    Time_Delays.c                            0x00000000   Number         0  time_delays.o ABSOLUTE
    Time_Delays.c                            0x00000000   Number         0  time_delays.o ABSOLUTE
    dc.s                                     0x00000000   Number         0  dc.o ABSOLUTE
    main.c                                   0x00000000   Number         0  main.o ABSOLUTE
    main.c                                   0x00000000   Number         0  main.o ABSOLUTE
    stm32f4xx_it.c                           0x00000000   Number         0  stm32f4xx_it.o ABSOLUTE
    stm32f4xx_it.c                           0x00000000   Number         0  stm32f4xx_it.o ABSOLUTE
    RESET                                    0x08000000   Section      404  startup_stm32f401xe.o(RESET)
    !!!main                                  0x08000194   Section        8  __main.o(!!!main)
    !!!scatter                               0x0800019c   Section       52  __scatter.o(!!!scatter)
    !!handler_copy                           0x080001d0   Section       26  __scatter_copy.o(!!handler_copy)
    !!handler_zi                             0x080001ec   Section       28  __scatter_zi.o(!!handler_zi)
    .ARM.Collect$$_printf_percent$$00000000  0x08000208   Section        0  _printf_percent.o(.ARM.Collect$$_printf_percent$$00000000)
    .ARM.Collect$$_printf_percent$$0000000C  0x08000208   Section        6  _printf_x.o(.ARM.Collect$$_printf_percent$$0000000C)
    .ARM.Collect$$_printf_percent$$00000017  0x0800020e   Section        4  _printf_percent_end.o(.ARM.Collect$$_printf_percent$$00000017)
    .ARM.Collect$$libinit$$00000000          0x08000212   Section        2  libinit.o(.ARM.Collect$$libinit$$00000000)
    .ARM.Collect$$libinit$$00000001          0x08000214   Section        4  libinit2.o(.ARM.Collect$$libinit$$00000001)
    .ARM.Collect$$libinit$$00000004          0x08000218   Section        0  libinit2.o(.ARM.Collect$$libinit$$00000004)
    .ARM.Collect$$libinit$$0000000A          0x08000218   Section        0  libinit2.o(.ARM.Collect$$libinit$$0000000A)
    .ARM.Collect$$libinit$$0000000C          0x08000218   Section        0  libinit2.o(.ARM.Collect$$libinit$$0000000C)
    .ARM.Collect$$libinit$$0000000E          0x08000218   Section        0  libinit2.o(.ARM.Collect$$libinit$$0000000E)
    .ARM.Collect$$libinit$$00000011          0x08000218   Section        0  libinit2.o(.ARM.Collect$$libinit$$00000011)
    .ARM.Collect$$libinit$$00000013          0x08000218   Section        0  libinit2.o(.ARM.Collect$$libinit$$00000013)
    .ARM.Collect$$libinit$$00000015          0x08000218   Section        0  libinit2.o(.ARM.Collect$$libinit$$00000015)
    .ARM.Collect$$libinit$$00000017          0x08000218   Section        0  libinit2.o(.ARM.Collect$$libinit$$00000017)
    .ARM.Collect$$libinit$$00000019          0x08000218   Section        0  libinit2.o(.ARM.Collect$$libinit$$00000019)
    .ARM.Collect$$libinit$$0000001B          0x08000218   Section        0  libinit2.o(.ARM.Collect$$libinit$$0000001B)
    .ARM.Collect$$libinit$$0000001D          0x08000218   Section        0  libinit2.o(.ARM.Collect$$libinit$$0000001D)
    .ARM.Collect$$libinit$$0000001F          0x08000218   Section        0  libinit2.o(.ARM.Collect$$libinit$$0000001F)
    .ARM.Collect$$libinit$$00000021          0x08000218   Section        0  libinit2.o(.ARM.Collect$$libinit$$00000021)
    .ARM.Collect$$libinit$$00000023          0x08000218   Section        0  libinit2.o(.ARM.Collect$$libinit$$00000023)
    .ARM.Collect$$libinit$$00000025          0x08000218   Section        0  libinit2.o(.ARM.Collect$$libinit$$00000025)
    .ARM.Collect$$libinit$$0000002C          0x08000218   Section        0  libinit2.o(.ARM.Collect$$libinit$$0000002C)
    .ARM.Collect$$libinit$$0000002E          0x08000218   Section        0  libinit2.o(.ARM.Collect$$libinit$$0000002E)
    .ARM.Collect$$libinit$$00000030          0x08000218   Section        0  libinit2.o(.ARM.Collect$$libinit$$00000030)
    .ARM.Collect$$libinit$$00000032          0x08000218   Section        0  libinit2.o(.ARM.Collect$$libinit$$00000032)
    .ARM.Collect$$libinit$$00000033          0x08000218   Section        2  libinit2.o(.ARM.Collect$$libinit$$00000033)
    .ARM.Collect$$libshutdown$$00000000      0x0800021a   Section        2  libshutdown.o(.ARM.Collect$$libshutdown$$00000000)
    .ARM.Collect$$libshutdown$$00000002      0x0800021c   Section        0  libshutdown2.o(.ARM.Collect$$libshutdown$$00000002)
    .ARM.Collect$$libshutdown$$00000004      0x0800021c   Section        0  libshutdown2.o(.ARM.Collect$$libshutdown$$00000004)
    .ARM.Collect$$libshutdown$$00000006      0x0800021c   Section        0  libshutdown2.o(.ARM.Collect$$libshutdown$$00000006)
    .ARM.Collect$$libshutdown$$00000009      0x0800021c   Section        0  libshutdown2.o(.ARM.Collect$$libshutdown$$00000009)
    .ARM.Collect$$libshutdown$$0000000C      0x0800021c   Section        0  libshutdown2.o(.ARM.Collect$$libshutdown$$0000000C)
    .ARM.Collect$$libshutdown$$0000000E      0x0800021c   Section        0  libshutdown2.o(.ARM.Collect$$libshutdown$$0000000E)
    .ARM.Collect$$libshutdown$$00000011      0x0800021c   Section        0  libshutdown2.o(.ARM.Collect$$libshutdown$$00000011)
    .ARM.Collect$$libshutdown$$00000012      0x0800021c   Section        2  libshutdown2.o(.ARM.Collect$$libshutdown$$00000012)
    .ARM.Collect$$rtentry$$00000000          0x0800021e   Section        0  __rtentry.o(.ARM.Collect$$rtentry$$00000000)
    .ARM.Collect$$rtentry$$00000002          0x0800021e   Section        0  __rtentry2.o(.ARM.Collect$$rtentry$$00000002)
    .ARM.Collect$$rtentry$$00000004          0x0800021e   Section        6  __rtentry4.o(.ARM.Collect$$rtentry$$00000004)
    .ARM.Collect$$rtentry$$00000009          0x08000224   Section        0  __rtentry2.o(.ARM.Collect$$rtentry$$00000009)
    .ARM.Collect$$rtentry$$0000000A          0x08000224   Section        4  __rtentry2.o(.ARM.Collect$$rtentry$$0000000A)
    .ARM.Collect$$rtentry$$0000000C          0x08000228   Section        0  __rtentry2.o(.ARM.Collect$$rtentry$$0000000C)
    .ARM.Collect$$rtentry$$0000000D          0x08000228   Section        8  __rtentry2.o(.ARM.Collect$$rtentry$$0000000D)
    .ARM.Collect$$rtexit$$00000000           0x08000230   Section        2  rtexit.o(.ARM.Collect$$rtexit$$00000000)
    .ARM.Collect$$rtexit$$00000002           0x08000232   Section        0  rtexit2.o(.ARM.Collect$$rtexit$$00000002)
    .ARM.Collect$$rtexit$$00000003           0x08000232   Section        4  rtexit2.o(.ARM.Collect$$rtexit$$00000003)
    .ARM.Collect$$rtexit$$00000004           0x08000236   Section        6  rtexit2.o(.ARM.Collect$$rtexit$$00000004)
    .text                                    0x0800023c   Section       64  startup_stm32f401xe.o(.text)
    $v0                                      0x0800023c   Number         0  startup_stm32f401xe.o(.text)
    .text                                    0x0800027c   Section        0  noretval__2sprintf.o(.text)
    .text                                    0x080002a4   Section        0  __printf.o(.text)
    .text                                    0x0800030c   Section        0  _printf_hex_int.o(.text)
    .text                                    0x08000364   Section        0  strlen.o(.text)
    .text                                    0x080003a2   Section       68  rt_memclr.o(.text)
    .text                                    0x080003e6   Section       78  rt_memclr_w.o(.text)
    .text                                    0x08000434   Section        0  heapauxi.o(.text)
    .text                                    0x0800043a   Section        0  _printf_intcommon.o(.text)
    .text                                    0x080004ec   Section        0  _printf_char_common.o(.text)
    _printf_input_char                       0x080004ed   Thumb Code    10  _printf_char_common.o(.text)
    .text                                    0x0800051c   Section        0  _sputc.o(.text)
    .text                                    0x08000526   Section       74  sys_stackheap_outer.o(.text)
    .text                                    0x08000570   Section        0  exit.o(.text)
    .text                                    0x08000584   Section        8  libspace.o(.text)
    .text                                    0x0800058c   Section        0  sys_exit.o(.text)
    .text                                    0x08000598   Section        2  use_no_semi.o(.text)
    .text                                    0x0800059a   Section        0  indicate_semi.o(.text)
    i.Activate_SPI1                          0x0800059c   Section        0  lcd_display.o(i.Activate_SPI1)
    i.BusFault_Handler                       0x080005b4   Section        0  stm32f4xx_it.o(i.BusFault_Handler)
    i.Chip_Select_Pin                        0x080005b8   Section        0  lcd_display.o(i.Chip_Select_Pin)
    i.Clear_Screen                           0x080005d8   Section        0  lcd_display.o(i.Clear_Screen)
    i.Configure_LCD_Pins                     0x080005f0   Section        0  lcd_display.o(i.Configure_LCD_Pins)
    i.Configure_SPI1                         0x080006e0   Section        0  lcd_display.o(i.Configure_SPI1)
    i.Copy_Data_Buffer_To_LCD                0x0800078c   Section        0  lcd_display.o(i.Copy_Data_Buffer_To_LCD)
    i.DebugMon_Handler                       0x0800084c   Section        0  stm32f4xx_it.o(i.DebugMon_Handler)
    i.HardFault_Handler                      0x0800084e   Section        0  stm32f4xx_it.o(i.HardFault_Handler)
    i.Initialise_LCD_Controller              0x08000852   Section        0  lcd_display.o(i.Initialise_LCD_Controller)
    i.InstructionOrData                      0x080008b8   Section        0  lcd_display.o(i.InstructionOrData)
    i.LL_AHB1_GRP1_EnableClock               0x080008e8   Section        0  lcd_display.o(i.LL_AHB1_GRP1_EnableClock)
    LL_AHB1_GRP1_EnableClock                 0x080008e9   Thumb Code    24  lcd_display.o(i.LL_AHB1_GRP1_EnableClock)
    i.LL_AHB1_GRP1_EnableClock               0x08000904   Section        0  main.o(i.LL_AHB1_GRP1_EnableClock)
    LL_AHB1_GRP1_EnableClock                 0x08000905   Thumb Code    24  main.o(i.LL_AHB1_GRP1_EnableClock)
    i.LL_GPIO_IsInputPinSet                  0x08000920   Section        0  main.o(i.LL_GPIO_IsInputPinSet)
    LL_GPIO_IsInputPinSet                    0x08000921   Thumb Code    18  main.o(i.LL_GPIO_IsInputPinSet)
    i.LL_GPIO_ResetOutputPin                 0x08000932   Section        0  lcd_display.o(i.LL_GPIO_ResetOutputPin)
    LL_GPIO_ResetOutputPin                   0x08000933   Thumb Code     6  lcd_display.o(i.LL_GPIO_ResetOutputPin)
    i.LL_GPIO_SetAFPin_0_7                   0x08000938   Section        0  lcd_display.o(i.LL_GPIO_SetAFPin_0_7)
    LL_GPIO_SetAFPin_0_7                     0x08000939   Thumb Code    40  lcd_display.o(i.LL_GPIO_SetAFPin_0_7)
    i.LL_GPIO_SetAFPin_8_15                  0x08000960   Section        0  main.o(i.LL_GPIO_SetAFPin_8_15)
    LL_GPIO_SetAFPin_8_15                    0x08000961   Thumb Code    44  main.o(i.LL_GPIO_SetAFPin_8_15)
    i.LL_GPIO_SetOutputPin                   0x0800098c   Section        0  lcd_display.o(i.LL_GPIO_SetOutputPin)
    LL_GPIO_SetOutputPin                     0x0800098d   Thumb Code     4  lcd_display.o(i.LL_GPIO_SetOutputPin)
    i.LL_GPIO_SetPinMode                     0x08000990   Section        0  lcd_display.o(i.LL_GPIO_SetPinMode)
    LL_GPIO_SetPinMode                       0x08000991   Thumb Code    40  lcd_display.o(i.LL_GPIO_SetPinMode)
    i.LL_GPIO_SetPinMode                     0x080009b8   Section        0  main.o(i.LL_GPIO_SetPinMode)
    LL_GPIO_SetPinMode                       0x080009b9   Thumb Code    40  main.o(i.LL_GPIO_SetPinMode)
    i.LL_GPIO_SetPinOutputType               0x080009e0   Section        0  main.o(i.LL_GPIO_SetPinOutputType)
    LL_GPIO_SetPinOutputType                 0x080009e1   Thumb Code    16  main.o(i.LL_GPIO_SetPinOutputType)
    i.LL_GPIO_SetPinPull                     0x080009f0   Section        0  lcd_display.o(i.LL_GPIO_SetPinPull)
    LL_GPIO_SetPinPull                       0x080009f1   Thumb Code    40  lcd_display.o(i.LL_GPIO_SetPinPull)
    i.LL_GPIO_SetPinPull                     0x08000a18   Section        0  main.o(i.LL_GPIO_SetPinPull)
    LL_GPIO_SetPinPull                       0x08000a19   Thumb Code    40  main.o(i.LL_GPIO_SetPinPull)
    i.LL_GPIO_SetPinSpeed                    0x08000a40   Section        0  lcd_display.o(i.LL_GPIO_SetPinSpeed)
    LL_GPIO_SetPinSpeed                      0x08000a41   Thumb Code    40  lcd_display.o(i.LL_GPIO_SetPinSpeed)
    i.LL_I2C_AcknowledgeNextData             0x08000a68   Section        0  main.o(i.LL_I2C_AcknowledgeNextData)
    LL_I2C_AcknowledgeNextData               0x08000a69   Thumb Code    12  main.o(i.LL_I2C_AcknowledgeNextData)
    i.LL_I2C_ClearFlag_ADDR                  0x08000a74   Section        0  main.o(i.LL_I2C_ClearFlag_ADDR)
    LL_I2C_ClearFlag_ADDR                    0x08000a75   Thumb Code    16  main.o(i.LL_I2C_ClearFlag_ADDR)
    i.LL_I2C_ClearFlag_AF                    0x08000a84   Section        0  main.o(i.LL_I2C_ClearFlag_AF)
    LL_I2C_ClearFlag_AF                      0x08000a85   Thumb Code    10  main.o(i.LL_I2C_ClearFlag_AF)
    i.LL_I2C_ConfigSpeed                     0x08000a90   Section        0  main.o(i.LL_I2C_ConfigSpeed)
    LL_I2C_ConfigSpeed                       0x08000a91   Thumb Code   178  main.o(i.LL_I2C_ConfigSpeed)
    i.LL_I2C_GenerateStartCondition          0x08000b4c   Section        0  main.o(i.LL_I2C_GenerateStartCondition)
    LL_I2C_GenerateStartCondition            0x08000b4d   Thumb Code    10  main.o(i.LL_I2C_GenerateStartCondition)
    i.LL_I2C_GenerateStopCondition           0x08000b56   Section        0  main.o(i.LL_I2C_GenerateStopCondition)
    LL_I2C_GenerateStopCondition             0x08000b57   Thumb Code    10  main.o(i.LL_I2C_GenerateStopCondition)
    i.LL_I2C_IsActiveFlag_ADDR               0x08000b60   Section        0  main.o(i.LL_I2C_IsActiveFlag_ADDR)
    LL_I2C_IsActiveFlag_ADDR                 0x08000b61   Thumb Code    10  main.o(i.LL_I2C_IsActiveFlag_ADDR)
    i.LL_I2C_IsActiveFlag_AF                 0x08000b6a   Section        0  main.o(i.LL_I2C_IsActiveFlag_AF)
    LL_I2C_IsActiveFlag_AF                   0x08000b6b   Thumb Code    10  main.o(i.LL_I2C_IsActiveFlag_AF)
    i.LL_I2C_IsActiveFlag_RXNE               0x08000b74   Section        0  main.o(i.LL_I2C_IsActiveFlag_RXNE)
    LL_I2C_IsActiveFlag_RXNE                 0x08000b75   Thumb Code    10  main.o(i.LL_I2C_IsActiveFlag_RXNE)
    i.LL_I2C_IsActiveFlag_SB                 0x08000b7e   Section        0  main.o(i.LL_I2C_IsActiveFlag_SB)
    LL_I2C_IsActiveFlag_SB                   0x08000b7f   Thumb Code    10  main.o(i.LL_I2C_IsActiveFlag_SB)
    i.LL_I2C_IsActiveFlag_TXE                0x08000b88   Section        0  main.o(i.LL_I2C_IsActiveFlag_TXE)
    LL_I2C_IsActiveFlag_TXE                  0x08000b89   Thumb Code    10  main.o(i.LL_I2C_IsActiveFlag_TXE)
    i.LL_I2C_TransmitData8                   0x08000b92   Section        0  main.o(i.LL_I2C_TransmitData8)
    LL_I2C_TransmitData8                     0x08000b93   Thumb Code    12  main.o(i.LL_I2C_TransmitData8)
    i.LL_mDelay                              0x08000b9e   Section        0  stm32f4xx_ll_utils.o(i.LL_mDelay)
    i.MemManage_Handler                      0x08000bc6   Section        0  stm32f4xx_it.o(i.MemManage_Handler)
    i.NMI_Handler                            0x08000bca   Section        0  stm32f4xx_it.o(i.NMI_Handler)
    i.PendSV_Handler                         0x08000bcc   Section        0  stm32f4xx_it.o(i.PendSV_Handler)
    i.Reset_Display_Pin                      0x08000bd0   Section        0  lcd_display.o(i.Reset_Display_Pin)
    i.SVC_Handler                            0x08000bf0   Section        0  stm32f4xx_it.o(i.SVC_Handler)
    i.Send_SPI_Byte                          0x08000bf4   Section        0  lcd_display.o(i.Send_SPI_Byte)
    i.SysTick_Config                         0x08000c14   Section        0  time_delays.o(i.SysTick_Config)
    SysTick_Config                           0x08000c15   Thumb Code    74  time_delays.o(i.SysTick_Config)
    i.SysTick_Config_MCE2                    0x08000c68   Section        0  time_delays.o(i.SysTick_Config_MCE2)
    i.SysTick_Handler                        0x08000c8c   Section        0  time_delays.o(i.SysTick_Handler)
    i.SystemClock_Config                     0x08000c9c   Section        0  clk_config.o(i.SystemClock_Config)
    i.SystemInit                             0x08000dac   Section        0  system_stm32f4xx.o(i.SystemInit)
    i.UsageFault_Handler                     0x08000e10   Section        0  stm32f4xx_it.o(i.UsageFault_Handler)
    i.Write_Command_To_LCD                   0x08000e14   Section        0  lcd_display.o(i.Write_Command_To_LCD)
    i.Write_Data_To_LCD                      0x08000e32   Section        0  lcd_display.o(i.Write_Data_To_LCD)
    i.character                              0x08000e50   Section        0  lcd_display.o(i.character)
    i.displayData                            0x08000f48   Section        0  main.o(i.displayData)
    i.height                                 0x08000fdc   Section        0  lcd_display.o(i.height)
    i.joystick_centre                        0x08000ff8   Section        0  main.o(i.joystick_centre)
    i.joystick_down                          0x08001008   Section        0  main.o(i.joystick_down)
    i.joystick_left                          0x08001018   Section        0  main.o(i.joystick_left)
    i.joystick_right                         0x08001028   Section        0  main.o(i.joystick_right)
    i.joystick_up                            0x08001038   Section        0  main.o(i.joystick_up)
    i.locate                                 0x08001048   Section        0  lcd_display.o(i.locate)
    i.main                                   0x0800105c   Section        0  main.o(i.main)
    i.pixel                                  0x08001890   Section        0  lcd_display.o(i.pixel)
    i.put_char                               0x08001924   Section        0  lcd_display.o(i.put_char)
    i.put_string                             0x08001980   Section        0  lcd_display.o(i.put_string)
    i.set_font                               0x080019c8   Section        0  lcd_display.o(i.set_font)
    i.width                                  0x080019d4   Section        0  lcd_display.o(i.width)
    x$fpl$fpinit                             0x080019f0   Section       10  fpinit.o(x$fpl$fpinit)
    $v0                                      0x080019f0   Number         0  fpinit.o(x$fpl$fpinit)
    .constdata                               0x080019fc   Section    13508  main.o(.constdata)
    STREAM_OFFSET_TAB                        0x080019fc   Data           8  main.o(.constdata)
    OFFSET_TAB_CCMRx                         0x08001a04   Data           7  main.o(.constdata)
    SHIFT_TAB_OCxx                           0x08001a0b   Data           7  main.o(.constdata)
    SHIFT_TAB_ICxx                           0x08001a12   Data           7  main.o(.constdata)
    SHIFT_TAB_CCxP                           0x08001a19   Data           7  main.o(.constdata)
    SHIFT_TAB_OISx                           0x08001a20   Data           7  main.o(.constdata)
    .constdata                               0x08004ec0   Section       40  _printf_hex_int.o(.constdata)
    uc_hextab                                0x08004ec0   Data          20  _printf_hex_int.o(.constdata)
    lc_hextab                                0x08004ed4   Data          20  _printf_hex_int.o(.constdata)
    .data                                    0x20000000   Section        4  system_stm32f4xx.o(.data)
    .data                                    0x20000004   Section        4  time_delays.o(.data)
    ticks                                    0x20000004   Data           4  time_delays.o(.data)
    .data                                    0x20000008   Section       16  lcd_display.o(.data)
    .bss                                     0x20000018   Section      512  lcd_display.o(.bss)
    .bss                                     0x20000218   Section       18  main.o(.bss)
    .bss                                     0x2000022c   Section       96  libspace.o(.bss)
    HEAP                                     0x20000290   Section      512  startup_stm32f401xe.o(HEAP)
    Heap_Mem                                 0x20000290   Data         512  startup_stm32f401xe.o(HEAP)
    STACK                                    0x20000490   Section     1024  startup_stm32f401xe.o(STACK)
    Stack_Mem                                0x20000490   Data        1024  startup_stm32f401xe.o(STACK)
    __initial_sp                             0x20000890   Data           0  startup_stm32f401xe.o(STACK)

    Global Symbols

    Symbol Name                              Value     Ov Type        Size  Object(Section)

    BuildAttributes$$THM_ISAv4$E$P$D$K$B$S$7EM$VFPi3$EXTD16$VFPS$VFMA$PE$A:L22UL41UL21$X:L11$S22US41US21$IEEE1$IW$USESV6$~STKCKD$USESV7$~SHL$OSPACE$ROPI$EBA8$UX$STANDARDLIB$REQ8$PRES8$EABIv2 0x00000000   Number         0  anon$$obj.o ABSOLUTE
    __ARM_use_no_argv                        0x00000000   Number         0  main.o ABSOLUTE
    __ARM_exceptions_init                     - Undefined Weak Reference
    __alloca_initialize                       - Undefined Weak Reference
    __arm_fini_                               - Undefined Weak Reference
    __arm_preinit_                            - Undefined Weak Reference
    __cpp_initialize__aeabi_                  - Undefined Weak Reference
    __cxa_finalize                            - Undefined Weak Reference
    __rt_locale                               - Undefined Weak Reference
    __sigvec_lookup                           - Undefined Weak Reference
    _atexit_init                              - Undefined Weak Reference
    _call_atexit_fns                          - Undefined Weak Reference
    _clock_init                               - Undefined Weak Reference
    _fp_trap_init                             - Undefined Weak Reference
    _fp_trap_shutdown                         - Undefined Weak Reference
    _get_lc_collate                           - Undefined Weak Reference
    _get_lc_ctype                             - Undefined Weak Reference
    _get_lc_monetary                          - Undefined Weak Reference
    _get_lc_numeric                           - Undefined Weak Reference
    _get_lc_time                              - Undefined Weak Reference
    _getenv_init                              - Undefined Weak Reference
    _handle_redirection                       - Undefined Weak Reference
    _init_alloc                               - Undefined Weak Reference
    _init_user_alloc                          - Undefined Weak Reference
    _initio                                   - Undefined Weak Reference
    _printf_post_padding                      - Undefined Weak Reference
    _printf_pre_padding                       - Undefined Weak Reference
    _printf_truncate_unsigned                 - Undefined Weak Reference
    _rand_init                                - Undefined Weak Reference
    _signal_finish                            - Undefined Weak Reference
    _signal_init                              - Undefined Weak Reference
    _terminate_alloc                          - Undefined Weak Reference
    _terminate_user_alloc                     - Undefined Weak Reference
    _terminateio                              - Undefined Weak Reference
    __Vectors_Size                           0x00000194   Number         0  startup_stm32f401xe.o ABSOLUTE
    __Vectors                                0x08000000   Data           4  startup_stm32f401xe.o(RESET)
    __Vectors_End                            0x08000194   Data           0  startup_stm32f401xe.o(RESET)
    __main                                   0x08000195   Thumb Code     8  __main.o(!!!main)
    __scatterload                            0x0800019d   Thumb Code     0  __scatter.o(!!!scatter)
    __scatterload_rt2                        0x0800019d   Thumb Code    44  __scatter.o(!!!scatter)
    __scatterload_rt2_thumb_only             0x0800019d   Thumb Code     0  __scatter.o(!!!scatter)
    __scatterload_null                       0x080001ab   Thumb Code     0  __scatter.o(!!!scatter)
    __scatterload_copy                       0x080001d1   Thumb Code    26  __scatter_copy.o(!!handler_copy)
    __scatterload_zeroinit                   0x080001ed   Thumb Code    28  __scatter_zi.o(!!handler_zi)
    _printf_percent                          0x08000209   Thumb Code     0  _printf_percent.o(.ARM.Collect$$_printf_percent$$00000000)
    _printf_x                                0x08000209   Thumb Code     0  _printf_x.o(.ARM.Collect$$_printf_percent$$0000000C)
    _printf_percent_end                      0x0800020f   Thumb Code     0  _printf_percent_end.o(.ARM.Collect$$_printf_percent$$00000017)
    __rt_lib_init                            0x08000213   Thumb Code     0  libinit.o(.ARM.Collect$$libinit$$00000000)
    __rt_lib_init_fp_1                       0x08000215   Thumb Code     0  libinit2.o(.ARM.Collect$$libinit$$00000001)
    __rt_lib_init_alloca_1                   0x08000219   Thumb Code     0  libinit2.o(.ARM.Collect$$libinit$$0000002E)
    __rt_lib_init_argv_1                     0x08000219   Thumb Code     0  libinit2.o(.ARM.Collect$$libinit$$0000002C)
    __rt_lib_init_atexit_1                   0x08000219   Thumb Code     0  libinit2.o(.ARM.Collect$$libinit$$0000001B)
    __rt_lib_init_clock_1                    0x08000219   Thumb Code     0  libinit2.o(.ARM.Collect$$libinit$$00000021)
    __rt_lib_init_cpp_1                      0x08000219   Thumb Code     0  libinit2.o(.ARM.Collect$$libinit$$00000032)
    __rt_lib_init_exceptions_1               0x08000219   Thumb Code     0  libinit2.o(.ARM.Collect$$libinit$$00000030)
    __rt_lib_init_fp_trap_1                  0x08000219   Thumb Code     0  libinit2.o(.ARM.Collect$$libinit$$0000001F)
    __rt_lib_init_getenv_1                   0x08000219   Thumb Code     0  libinit2.o(.ARM.Collect$$libinit$$00000023)
    __rt_lib_init_heap_1                     0x08000219   Thumb Code     0  libinit2.o(.ARM.Collect$$libinit$$0000000A)
    __rt_lib_init_lc_collate_1               0x08000219   Thumb Code     0  libinit2.o(.ARM.Collect$$libinit$$00000011)
    __rt_lib_init_lc_ctype_1                 0x08000219   Thumb Code     0  libinit2.o(.ARM.Collect$$libinit$$00000013)
    __rt_lib_init_lc_monetary_1              0x08000219   Thumb Code     0  libinit2.o(.ARM.Collect$$libinit$$00000015)
    __rt_lib_init_lc_numeric_1               0x08000219   Thumb Code     0  libinit2.o(.ARM.Collect$$libinit$$00000017)
    __rt_lib_init_lc_time_1                  0x08000219   Thumb Code     0  libinit2.o(.ARM.Collect$$libinit$$00000019)
    __rt_lib_init_preinit_1                  0x08000219   Thumb Code     0  libinit2.o(.ARM.Collect$$libinit$$00000004)
    __rt_lib_init_rand_1                     0x08000219   Thumb Code     0  libinit2.o(.ARM.Collect$$libinit$$0000000E)
    __rt_lib_init_return                     0x08000219   Thumb Code     0  libinit2.o(.ARM.Collect$$libinit$$00000033)
    __rt_lib_init_signal_1                   0x08000219   Thumb Code     0  libinit2.o(.ARM.Collect$$libinit$$0000001D)
    __rt_lib_init_stdio_1                    0x08000219   Thumb Code     0  libinit2.o(.ARM.Collect$$libinit$$00000025)
    __rt_lib_init_user_alloc_1               0x08000219   Thumb Code     0  libinit2.o(.ARM.Collect$$libinit$$0000000C)
    __rt_lib_shutdown                        0x0800021b   Thumb Code     0  libshutdown.o(.ARM.Collect$$libshutdown$$00000000)
    __rt_lib_shutdown_cpp_1                  0x0800021d   Thumb Code     0  libshutdown2.o(.ARM.Collect$$libshutdown$$00000004)
    __rt_lib_shutdown_fini_1                 0x0800021d   Thumb Code     0  libshutdown2.o(.ARM.Collect$$libshutdown$$00000002)
    __rt_lib_shutdown_fp_trap_1              0x0800021d   Thumb Code     0  libshutdown2.o(.ARM.Collect$$libshutdown$$00000009)
    __rt_lib_shutdown_heap_1                 0x0800021d   Thumb Code     0  libshutdown2.o(.ARM.Collect$$libshutdown$$00000011)
    __rt_lib_shutdown_return                 0x0800021d   Thumb Code     0  libshutdown2.o(.ARM.Collect$$libshutdown$$00000012)
    __rt_lib_shutdown_signal_1               0x0800021d   Thumb Code     0  libshutdown2.o(.ARM.Collect$$libshutdown$$0000000C)
    __rt_lib_shutdown_stdio_1                0x0800021d   Thumb Code     0  libshutdown2.o(.ARM.Collect$$libshutdown$$00000006)
    __rt_lib_shutdown_user_alloc_1           0x0800021d   Thumb Code     0  libshutdown2.o(.ARM.Collect$$libshutdown$$0000000E)
    __rt_entry                               0x0800021f   Thumb Code     0  __rtentry.o(.ARM.Collect$$rtentry$$00000000)
    __rt_entry_presh_1                       0x0800021f   Thumb Code     0  __rtentry2.o(.ARM.Collect$$rtentry$$00000002)
    __rt_entry_sh                            0x0800021f   Thumb Code     0  __rtentry4.o(.ARM.Collect$$rtentry$$00000004)
    __rt_entry_li                            0x08000225   Thumb Code     0  __rtentry2.o(.ARM.Collect$$rtentry$$0000000A)
    __rt_entry_postsh_1                      0x08000225   Thumb Code     0  __rtentry2.o(.ARM.Collect$$rtentry$$00000009)
    __rt_entry_main                          0x08000229   Thumb Code     0  __rtentry2.o(.ARM.Collect$$rtentry$$0000000D)
    __rt_entry_postli_1                      0x08000229   Thumb Code     0  __rtentry2.o(.ARM.Collect$$rtentry$$0000000C)
    __rt_exit                                0x08000231   Thumb Code     0  rtexit.o(.ARM.Collect$$rtexit$$00000000)
    __rt_exit_ls                             0x08000233   Thumb Code     0  rtexit2.o(.ARM.Collect$$rtexit$$00000003)
    __rt_exit_prels_1                        0x08000233   Thumb Code     0  rtexit2.o(.ARM.Collect$$rtexit$$00000002)
    __rt_exit_exit                           0x08000237   Thumb Code     0  rtexit2.o(.ARM.Collect$$rtexit$$00000004)
    Reset_Handler                            0x0800023d   Thumb Code     8  startup_stm32f401xe.o(.text)
    ADC_IRQHandler                           0x08000257   Thumb Code     0  startup_stm32f401xe.o(.text)
    DMA1_Stream0_IRQHandler                  0x08000257   Thumb Code     0  startup_stm32f401xe.o(.text)
    DMA1_Stream1_IRQHandler                  0x08000257   Thumb Code     0  startup_stm32f401xe.o(.text)
    DMA1_Stream2_IRQHandler                  0x08000257   Thumb Code     0  startup_stm32f401xe.o(.text)
    DMA1_Stream3_IRQHandler                  0x08000257   Thumb Code     0  startup_stm32f401xe.o(.text)
    DMA1_Stream4_IRQHandler                  0x08000257   Thumb Code     0  startup_stm32f401xe.o(.text)
    DMA1_Stream5_IRQHandler                  0x08000257   Thumb Code     0  startup_stm32f401xe.o(.text)
    DMA1_Stream6_IRQHandler                  0x08000257   Thumb Code     0  startup_stm32f401xe.o(.text)
    DMA1_Stream7_IRQHandler                  0x08000257   Thumb Code     0  startup_stm32f401xe.o(.text)
    DMA2_Stream0_IRQHandler                  0x08000257   Thumb Code     0  startup_stm32f401xe.o(.text)
    DMA2_Stream1_IRQHandler                  0x08000257   Thumb Code     0  startup_stm32f401xe.o(.text)
    DMA2_Stream2_IRQHandler                  0x08000257   Thumb Code     0  startup_stm32f401xe.o(.text)
    DMA2_Stream3_IRQHandler                  0x08000257   Thumb Code     0  startup_stm32f401xe.o(.text)
    DMA2_Stream4_IRQHandler                  0x08000257   Thumb Code     0  startup_stm32f401xe.o(.text)
    DMA2_Stream5_IRQHandler                  0x08000257   Thumb Code     0  startup_stm32f401xe.o(.text)
    DMA2_Stream6_IRQHandler                  0x08000257   Thumb Code     0  startup_stm32f401xe.o(.text)
    DMA2_Stream7_IRQHandler                  0x08000257   Thumb Code     0  startup_stm32f401xe.o(.text)
    EXTI0_IRQHandler                         0x08000257   Thumb Code     0  startup_stm32f401xe.o(.text)
    EXTI15_10_IRQHandler                     0x08000257   Thumb Code     0  startup_stm32f401xe.o(.text)
    EXTI1_IRQHandler                         0x08000257   Thumb Code     0  startup_stm32f401xe.o(.text)
    EXTI2_IRQHandler                         0x08000257   Thumb Code     0  startup_stm32f401xe.o(.text)
    EXTI3_IRQHandler                         0x08000257   Thumb Code     0  startup_stm32f401xe.o(.text)
    EXTI4_IRQHandler                         0x08000257   Thumb Code     0  startup_stm32f401xe.o(.text)
    EXTI9_5_IRQHandler                       0x08000257   Thumb Code     0  startup_stm32f401xe.o(.text)
    FLASH_IRQHandler                         0x08000257   Thumb Code     0  startup_stm32f401xe.o(.text)
    FPU_IRQHandler                           0x08000257   Thumb Code     0  startup_stm32f401xe.o(.text)
    I2C1_ER_IRQHandler                       0x08000257   Thumb Code     0  startup_stm32f401xe.o(.text)
    I2C1_EV_IRQHandler                       0x08000257   Thumb Code     0  startup_stm32f401xe.o(.text)
    I2C2_ER_IRQHandler                       0x08000257   Thumb Code     0  startup_stm32f401xe.o(.text)
    I2C2_EV_IRQHandler                       0x08000257   Thumb Code     0  startup_stm32f401xe.o(.text)
    I2C3_ER_IRQHandler                       0x08000257   Thumb Code     0  startup_stm32f401xe.o(.text)
    I2C3_EV_IRQHandler                       0x08000257   Thumb Code     0  startup_stm32f401xe.o(.text)
    OTG_FS_IRQHandler                        0x08000257   Thumb Code     0  startup_stm32f401xe.o(.text)
    OTG_FS_WKUP_IRQHandler                   0x08000257   Thumb Code     0  startup_stm32f401xe.o(.text)
    PVD_IRQHandler                           0x08000257   Thumb Code     0  startup_stm32f401xe.o(.text)
    RCC_IRQHandler                           0x08000257   Thumb Code     0  startup_stm32f401xe.o(.text)
    RTC_Alarm_IRQHandler                     0x08000257   Thumb Code     0  startup_stm32f401xe.o(.text)
    RTC_WKUP_IRQHandler                      0x08000257   Thumb Code     0  startup_stm32f401xe.o(.text)
    SDIO_IRQHandler                          0x08000257   Thumb Code     0  startup_stm32f401xe.o(.text)
    SPI1_IRQHandler                          0x08000257   Thumb Code     0  startup_stm32f401xe.o(.text)
    SPI2_IRQHandler                          0x08000257   Thumb Code     0  startup_stm32f401xe.o(.text)
    SPI3_IRQHandler                          0x08000257   Thumb Code     0  startup_stm32f401xe.o(.text)
    SPI4_IRQHandler                          0x08000257   Thumb Code     0  startup_stm32f401xe.o(.text)
    TAMP_STAMP_IRQHandler                    0x08000257   Thumb Code     0  startup_stm32f401xe.o(.text)
    TIM1_BRK_TIM9_IRQHandler                 0x08000257   Thumb Code     0  startup_stm32f401xe.o(.text)
    TIM1_CC_IRQHandler                       0x08000257   Thumb Code     0  startup_stm32f401xe.o(.text)
    TIM1_TRG_COM_TIM11_IRQHandler            0x08000257   Thumb Code     0  startup_stm32f401xe.o(.text)
    TIM1_UP_TIM10_IRQHandler                 0x08000257   Thumb Code     0  startup_stm32f401xe.o(.text)
    TIM2_IRQHandler                          0x08000257   Thumb Code     0  startup_stm32f401xe.o(.text)
    TIM3_IRQHandler                          0x08000257   Thumb Code     0  startup_stm32f401xe.o(.text)
    TIM4_IRQHandler                          0x08000257   Thumb Code     0  startup_stm32f401xe.o(.text)
    TIM5_IRQHandler                          0x08000257   Thumb Code     0  startup_stm32f401xe.o(.text)
    USART1_IRQHandler                        0x08000257   Thumb Code     0  startup_stm32f401xe.o(.text)
    USART2_IRQHandler                        0x08000257   Thumb Code     0  startup_stm32f401xe.o(.text)
    USART6_IRQHandler                        0x08000257   Thumb Code     0  startup_stm32f401xe.o(.text)
    WWDG_IRQHandler                          0x08000257   Thumb Code     0  startup_stm32f401xe.o(.text)
    __user_initial_stackheap                 0x08000259   Thumb Code     0  startup_stm32f401xe.o(.text)
    __2sprintf                               0x0800027d   Thumb Code    34  noretval__2sprintf.o(.text)
    __printf                                 0x080002a5   Thumb Code   104  __printf.o(.text)
    _printf_int_hex                          0x0800030d   Thumb Code    84  _printf_hex_int.o(.text)
    _printf_longlong_hex                     0x0800030d   Thumb Code     0  _printf_hex_int.o(.text)
    strlen                                   0x08000365   Thumb Code    62  strlen.o(.text)
    __aeabi_memclr                           0x080003a3   Thumb Code     0  rt_memclr.o(.text)
    __rt_memclr                              0x080003a3   Thumb Code    68  rt_memclr.o(.text)
    _memset                                  0x080003a7   Thumb Code     0  rt_memclr.o(.text)
    __aeabi_memclr4                          0x080003e7   Thumb Code     0  rt_memclr_w.o(.text)
    __aeabi_memclr8                          0x080003e7   Thumb Code     0  rt_memclr_w.o(.text)
    __rt_memclr_w                            0x080003e7   Thumb Code    78  rt_memclr_w.o(.text)
    _memset_w                                0x080003eb   Thumb Code     0  rt_memclr_w.o(.text)
    __use_two_region_memory                  0x08000435   Thumb Code     2  heapauxi.o(.text)
    __rt_heap_escrow$2region                 0x08000437   Thumb Code     2  heapauxi.o(.text)
    __rt_heap_expand$2region                 0x08000439   Thumb Code     2  heapauxi.o(.text)
    _printf_int_common                       0x0800043b   Thumb Code   178  _printf_intcommon.o(.text)
    _printf_char_common                      0x080004f7   Thumb Code    32  _printf_char_common.o(.text)
    _sputc                                   0x0800051d   Thumb Code    10  _sputc.o(.text)
    __user_setup_stackheap                   0x08000527   Thumb Code    74  sys_stackheap_outer.o(.text)
    exit                                     0x08000571   Thumb Code    18  exit.o(.text)
    __user_libspace                          0x08000585   Thumb Code     8  libspace.o(.text)
    __user_perproc_libspace                  0x08000585   Thumb Code     0  libspace.o(.text)
    __user_perthread_libspace                0x08000585   Thumb Code     0  libspace.o(.text)
    _sys_exit                                0x0800058d   Thumb Code     8  sys_exit.o(.text)
    __I$use$semihosting                      0x08000599   Thumb Code     0  use_no_semi.o(.text)
    __use_no_semihosting_swi                 0x08000599   Thumb Code     2  use_no_semi.o(.text)
    __semihosting_library_function           0x0800059b   Thumb Code     0  indicate_semi.o(.text)
    Activate_SPI1                            0x0800059d   Thumb Code    18  lcd_display.o(i.Activate_SPI1)
    BusFault_Handler                         0x080005b5   Thumb Code     4  stm32f4xx_it.o(i.BusFault_Handler)
    Chip_Select_Pin                          0x080005b9   Thumb Code    26  lcd_display.o(i.Chip_Select_Pin)
    Clear_Screen                             0x080005d9   Thumb Code    18  lcd_display.o(i.Clear_Screen)
    Configure_LCD_Pins                       0x080005f1   Thumb Code   230  lcd_display.o(i.Configure_LCD_Pins)
    Configure_SPI1                           0x080006e1   Thumb Code   162  lcd_display.o(i.Configure_SPI1)
    Copy_Data_Buffer_To_LCD                  0x0800078d   Thumb Code   188  lcd_display.o(i.Copy_Data_Buffer_To_LCD)
    DebugMon_Handler                         0x0800084d   Thumb Code     2  stm32f4xx_it.o(i.DebugMon_Handler)
    HardFault_Handler                        0x0800084f   Thumb Code     4  stm32f4xx_it.o(i.HardFault_Handler)
    Initialise_LCD_Controller                0x08000853   Thumb Code   100  lcd_display.o(i.Initialise_LCD_Controller)
    InstructionOrData                        0x080008b9   Thumb Code    42  lcd_display.o(i.InstructionOrData)
    LL_mDelay                                0x08000b9f   Thumb Code    40  stm32f4xx_ll_utils.o(i.LL_mDelay)
    MemManage_Handler                        0x08000bc7   Thumb Code     4  stm32f4xx_it.o(i.MemManage_Handler)
    NMI_Handler                              0x08000bcb   Thumb Code     2  stm32f4xx_it.o(i.NMI_Handler)
    PendSV_Handler                           0x08000bcd   Thumb Code     2  stm32f4xx_it.o(i.PendSV_Handler)
    Reset_Display_Pin                        0x08000bd1   Thumb Code    26  lcd_display.o(i.Reset_Display_Pin)
    SVC_Handler                              0x08000bf1   Thumb Code     2  stm32f4xx_it.o(i.SVC_Handler)
    Send_SPI_Byte                            0x08000bf5   Thumb Code    26  lcd_display.o(i.Send_SPI_Byte)
    SysTick_Config_MCE2                      0x08000c69   Thumb Code    32  time_delays.o(i.SysTick_Config_MCE2)
    SysTick_Handler                          0x08000c8d   Thumb Code    12  time_delays.o(i.SysTick_Handler)
    SystemClock_Config                       0x08000c9d   Thumb Code   250  clk_config.o(i.SystemClock_Config)
    SystemInit                               0x08000dad   Thumb Code    82  system_stm32f4xx.o(i.SystemInit)
    UsageFault_Handler                       0x08000e11   Thumb Code     4  stm32f4xx_it.o(i.UsageFault_Handler)
    Write_Command_To_LCD                     0x08000e15   Thumb Code    30  lcd_display.o(i.Write_Command_To_LCD)
    Write_Data_To_LCD                        0x08000e33   Thumb Code    30  lcd_display.o(i.Write_Data_To_LCD)
    character                                0x08000e51   Thumb Code   236  lcd_display.o(i.character)
    displayData                              0x08000f49   Thumb Code   124  main.o(i.displayData)
    height                                   0x08000fdd   Thumb Code    22  lcd_display.o(i.height)
    joystick_centre                          0x08000ff9   Thumb Code    12  main.o(i.joystick_centre)
    joystick_down                            0x08001009   Thumb Code    12  main.o(i.joystick_down)
    joystick_left                            0x08001019   Thumb Code    12  main.o(i.joystick_left)
    joystick_right                           0x08001029   Thumb Code    12  main.o(i.joystick_right)
    joystick_up                              0x08001039   Thumb Code    12  main.o(i.joystick_up)
    locate                                   0x08001049   Thumb Code    10  lcd_display.o(i.locate)
    main                                     0x0800105d   Thumb Code  1972  main.o(i.main)
    pixel                                    0x08001891   Thumb Code   142  lcd_display.o(i.pixel)
    put_char                                 0x08001925   Thumb Code    80  lcd_display.o(i.put_char)
    put_string                               0x08001981   Thumb Code    68  lcd_display.o(i.put_string)
    set_font                                 0x080019c9   Thumb Code     6  lcd_display.o(i.set_font)
    width                                    0x080019d5   Thumb Code    22  lcd_display.o(i.width)
    _fp_init                                 0x080019f1   Thumb Code    10  fpinit.o(x$fpl$fpinit)
    __fplib_config_fpu_vfp                   0x080019f9   Thumb Code     0  fpinit.o(x$fpl$fpinit)
    __fplib_config_pureend_doubles           0x080019f9   Thumb Code     0  fpinit.o(x$fpl$fpinit)
    Small_7                                  0x08001a27   Data        1828  main.o(.constdata)
    Arial_9                                  0x0800214b   Data        2212  main.o(.constdata)
    Arial_12                                 0x080029ef   Data        2404  main.o(.constdata)
    Arial_24                                 0x08003353   Data        7012  main.o(.constdata)
    Region$$Table$$Base                      0x08004ee8   Number         0  anon$$obj.o(Region$$Table)
    Region$$Table$$Limit                     0x08004f08   Number         0  anon$$obj.o(Region$$Table)
    SystemCoreClock                          0x20000000   Data           4  system_stm32f4xx.o(.data)
    char_x                                   0x20000008   Data           4  lcd_display.o(.data)
    char_y                                   0x2000000c   Data           4  lcd_display.o(.data)
    orientation                              0x20000010   Data           4  lcd_display.o(.data)
    font                                     0x20000014   Data           4  lcd_display.o(.data)
    buffer                                   0x20000018   Data         512  lcd_display.o(.bss)
    outputString                             0x20000218   Data          18  main.o(.bss)
    __libspace_start                         0x2000022c   Data          96  libspace.o(.bss)
    __temporary_stack_top$libspace           0x2000028c   Data           0  libspace.o(.bss)



==============================================================================

Memory Map of the image

  Image Entry point : 0x08000195

  Load Region LR_IROM1 (Base: 0x08000000, Size: 0x00004f20, Max: 0x00080000, ABSOLUTE)

    Execution Region ER_IROM1 (Exec base: 0x08000000, Load base: 0x08000000, Size: 0x00004f08, Max: 0x00080000, ABSOLUTE)

    Exec Addr    Load Addr    Size         Type   Attr      Idx    E Section Name        Object

    0x08000000   0x08000000   0x00000194   Data   RO          175    RESET               startup_stm32f401xe.o
    0x08000194   0x08000194   0x00000008   Code   RO         1867  * !!!main             c_w.l(__main.o)
    0x0800019c   0x0800019c   0x00000034   Code   RO         2035    !!!scatter          c_w.l(__scatter.o)
    0x080001d0   0x080001d0   0x0000001a   Code   RO         2037    !!handler_copy      c_w.l(__scatter_copy.o)
    0x080001ea   0x080001ea   0x00000002   PAD
    0x080001ec   0x080001ec   0x0000001c   Code   RO         2039    !!handler_zi        c_w.l(__scatter_zi.o)
    0x08000208   0x08000208   0x00000000   Code   RO         1858    .ARM.Collect$$_printf_percent$$00000000  c_w.l(_printf_percent.o)
    0x08000208   0x08000208   0x00000006   Code   RO         1857    .ARM.Collect$$_printf_percent$$0000000C  c_w.l(_printf_x.o)
    0x0800020e   0x0800020e   0x00000004   Code   RO         1876    .ARM.Collect$$_printf_percent$$00000017  c_w.l(_printf_percent_end.o)
    0x08000212   0x08000212   0x00000002   Code   RO         1903    .ARM.Collect$$libinit$$00000000  c_w.l(libinit.o)
    0x08000214   0x08000214   0x00000004   Code   RO         1909    .ARM.Collect$$libinit$$00000001  c_w.l(libinit2.o)
    0x08000218   0x08000218   0x00000000   Code   RO         1912    .ARM.Collect$$libinit$$00000004  c_w.l(libinit2.o)
    0x08000218   0x08000218   0x00000000   Code   RO         1915    .ARM.Collect$$libinit$$0000000A  c_w.l(libinit2.o)
    0x08000218   0x08000218   0x00000000   Code   RO         1917    .ARM.Collect$$libinit$$0000000C  c_w.l(libinit2.o)
    0x08000218   0x08000218   0x00000000   Code   RO         1919    .ARM.Collect$$libinit$$0000000E  c_w.l(libinit2.o)
    0x08000218   0x08000218   0x00000000   Code   RO         1922    .ARM.Collect$$libinit$$00000011  c_w.l(libinit2.o)
    0x08000218   0x08000218   0x00000000   Code   RO         1924    .ARM.Collect$$libinit$$00000013  c_w.l(libinit2.o)
    0x08000218   0x08000218   0x00000000   Code   RO         1926    .ARM.Collect$$libinit$$00000015  c_w.l(libinit2.o)
    0x08000218   0x08000218   0x00000000   Code   RO         1928    .ARM.Collect$$libinit$$00000017  c_w.l(libinit2.o)
    0x08000218   0x08000218   0x00000000   Code   RO         1930    .ARM.Collect$$libinit$$00000019  c_w.l(libinit2.o)
    0x08000218   0x08000218   0x00000000   Code   RO         1932    .ARM.Collect$$libinit$$0000001B  c_w.l(libinit2.o)
    0x08000218   0x08000218   0x00000000   Code   RO         1934    .ARM.Collect$$libinit$$0000001D  c_w.l(libinit2.o)
    0x08000218   0x08000218   0x00000000   Code   RO         1936    .ARM.Collect$$libinit$$0000001F  c_w.l(libinit2.o)
    0x08000218   0x08000218   0x00000000   Code   RO         1938    .ARM.Collect$$libinit$$00000021  c_w.l(libinit2.o)
    0x08000218   0x08000218   0x00000000   Code   RO         1940    .ARM.Collect$$libinit$$00000023  c_w.l(libinit2.o)
    0x08000218   0x08000218   0x00000000   Code   RO         1942    .ARM.Collect$$libinit$$00000025  c_w.l(libinit2.o)
    0x08000218   0x08000218   0x00000000   Code   RO         1946    .ARM.Collect$$libinit$$0000002C  c_w.l(libinit2.o)
    0x08000218   0x08000218   0x00000000   Code   RO         1948    .ARM.Collect$$libinit$$0000002E  c_w.l(libinit2.o)
    0x08000218   0x08000218   0x00000000   Code   RO         1950    .ARM.Collect$$libinit$$00000030  c_w.l(libinit2.o)
    0x08000218   0x08000218   0x00000000   Code   RO         1952    .ARM.Collect$$libinit$$00000032  c_w.l(libinit2.o)
    0x08000218   0x08000218   0x00000002   Code   RO         1953    .ARM.Collect$$libinit$$00000033  c_w.l(libinit2.o)
    0x0800021a   0x0800021a   0x00000002   Code   RO         1973    .ARM.Collect$$libshutdown$$00000000  c_w.l(libshutdown.o)
    0x0800021c   0x0800021c   0x00000000   Code   RO         1986    .ARM.Collect$$libshutdown$$00000002  c_w.l(libshutdown2.o)
    0x0800021c   0x0800021c   0x00000000   Code   RO         1988    .ARM.Collect$$libshutdown$$00000004  c_w.l(libshutdown2.o)
    0x0800021c   0x0800021c   0x00000000   Code   RO         1990    .ARM.Collect$$libshutdown$$00000006  c_w.l(libshutdown2.o)
    0x0800021c   0x0800021c   0x00000000   Code   RO         1993    .ARM.Collect$$libshutdown$$00000009  c_w.l(libshutdown2.o)
    0x0800021c   0x0800021c   0x00000000   Code   RO         1996    .ARM.Collect$$libshutdown$$0000000C  c_w.l(libshutdown2.o)
    0x0800021c   0x0800021c   0x00000000   Code   RO         1998    .ARM.Collect$$libshutdown$$0000000E  c_w.l(libshutdown2.o)
    0x0800021c   0x0800021c   0x00000000   Code   RO         2001    .ARM.Collect$$libshutdown$$00000011  c_w.l(libshutdown2.o)
    0x0800021c   0x0800021c   0x00000002   Code   RO         2002    .ARM.Collect$$libshutdown$$00000012  c_w.l(libshutdown2.o)
    0x0800021e   0x0800021e   0x00000000   Code   RO         1869    .ARM.Collect$$rtentry$$00000000  c_w.l(__rtentry.o)
    0x0800021e   0x0800021e   0x00000000   Code   RO         1878    .ARM.Collect$$rtentry$$00000002  c_w.l(__rtentry2.o)
    0x0800021e   0x0800021e   0x00000006   Code   RO         1890    .ARM.Collect$$rtentry$$00000004  c_w.l(__rtentry4.o)
    0x08000224   0x08000224   0x00000000   Code   RO         1880    .ARM.Collect$$rtentry$$00000009  c_w.l(__rtentry2.o)
    0x08000224   0x08000224   0x00000004   Code   RO         1881    .ARM.Collect$$rtentry$$0000000A  c_w.l(__rtentry2.o)
    0x08000228   0x08000228   0x00000000   Code   RO         1883    .ARM.Collect$$rtentry$$0000000C  c_w.l(__rtentry2.o)
    0x08000228   0x08000228   0x00000008   Code   RO         1884    .ARM.Collect$$rtentry$$0000000D  c_w.l(__rtentry2.o)
    0x08000230   0x08000230   0x00000002   Code   RO         1907    .ARM.Collect$$rtexit$$00000000  c_w.l(rtexit.o)
    0x08000232   0x08000232   0x00000000   Code   RO         1955    .ARM.Collect$$rtexit$$00000002  c_w.l(rtexit2.o)
    0x08000232   0x08000232   0x00000004   Code   RO         1956    .ARM.Collect$$rtexit$$00000003  c_w.l(rtexit2.o)
    0x08000236   0x08000236   0x00000006   Code   RO         1957    .ARM.Collect$$rtexit$$00000004  c_w.l(rtexit2.o)
    0x0800023c   0x0800023c   0x00000040   Code   RO          176    .text               startup_stm32f401xe.o
    0x0800027c   0x0800027c   0x00000028   Code   RO         1812    .text               c_w.l(noretval__2sprintf.o)
    0x080002a4   0x080002a4   0x00000068   Code   RO         1814    .text               c_w.l(__printf.o)
    0x0800030c   0x0800030c   0x00000058   Code   RO         1819    .text               c_w.l(_printf_hex_int.o)
    0x08000364   0x08000364   0x0000003e   Code   RO         1859    .text               c_w.l(strlen.o)
    0x080003a2   0x080003a2   0x00000044   Code   RO         1861    .text               c_w.l(rt_memclr.o)
    0x080003e6   0x080003e6   0x0000004e   Code   RO         1863    .text               c_w.l(rt_memclr_w.o)
    0x08000434   0x08000434   0x00000006   Code   RO         1865    .text               c_w.l(heapauxi.o)
    0x0800043a   0x0800043a   0x000000b2   Code   RO         1870    .text               c_w.l(_printf_intcommon.o)
    0x080004ec   0x080004ec   0x00000030   Code   RO         1872    .text               c_w.l(_printf_char_common.o)
    0x0800051c   0x0800051c   0x0000000a   Code   RO         1874    .text               c_w.l(_sputc.o)
    0x08000526   0x08000526   0x0000004a   Code   RO         1894    .text               c_w.l(sys_stackheap_outer.o)
    0x08000570   0x08000570   0x00000012   Code   RO         1896    .text               c_w.l(exit.o)
    0x08000582   0x08000582   0x00000002   PAD
    0x08000584   0x08000584   0x00000008   Code   RO         1904    .text               c_w.l(libspace.o)
    0x0800058c   0x0800058c   0x0000000c   Code   RO         1965    .text               c_w.l(sys_exit.o)
    0x08000598   0x08000598   0x00000002   Code   RO         1976    .text               c_w.l(use_no_semi.o)
    0x0800059a   0x0800059a   0x00000000   Code   RO         1978    .text               c_w.l(indicate_semi.o)
    0x0800059a   0x0800059a   0x00000002   PAD
    0x0800059c   0x0800059c   0x00000018   Code   RO         1396    i.Activate_SPI1     lcd_display.o
    0x080005b4   0x080005b4   0x00000004   Code   RO            4    i.BusFault_Handler  stm32f4xx_it.o
    0x080005b8   0x080005b8   0x00000020   Code   RO         1397    i.Chip_Select_Pin   lcd_display.o
    0x080005d8   0x080005d8   0x00000018   Code   RO         1398    i.Clear_Screen      lcd_display.o
    0x080005f0   0x080005f0   0x000000f0   Code   RO         1399    i.Configure_LCD_Pins  lcd_display.o
    0x080006e0   0x080006e0   0x000000ac   Code   RO         1400    i.Configure_SPI1    lcd_display.o
    0x0800078c   0x0800078c   0x000000c0   Code   RO         1401    i.Copy_Data_Buffer_To_LCD  lcd_display.o
    0x0800084c   0x0800084c   0x00000002   Code   RO            5    i.DebugMon_Handler  stm32f4xx_it.o
    0x0800084e   0x0800084e   0x00000004   Code   RO            6    i.HardFault_Handler  stm32f4xx_it.o
    0x08000852   0x08000852   0x00000064   Code   RO         1405    i.Initialise_LCD_Controller  lcd_display.o
    0x080008b6   0x080008b6   0x00000002   PAD
    0x080008b8   0x080008b8   0x00000030   Code   RO         1406    i.InstructionOrData  lcd_display.o
    0x080008e8   0x080008e8   0x0000001c   Code   RO         1408    i.LL_AHB1_GRP1_EnableClock  lcd_display.o
    0x08000904   0x08000904   0x0000001c   Code   RO         1638    i.LL_AHB1_GRP1_EnableClock  main.o
    0x08000920   0x08000920   0x00000012   Code   RO         1639    i.LL_GPIO_IsInputPinSet  main.o
    0x08000932   0x08000932   0x00000006   Code   RO         1409    i.LL_GPIO_ResetOutputPin  lcd_display.o
    0x08000938   0x08000938   0x00000028   Code   RO         1410    i.LL_GPIO_SetAFPin_0_7  lcd_display.o
    0x08000960   0x08000960   0x0000002c   Code   RO         1640    i.LL_GPIO_SetAFPin_8_15  main.o
    0x0800098c   0x0800098c   0x00000004   Code   RO         1411    i.LL_GPIO_SetOutputPin  lcd_display.o
    0x08000990   0x08000990   0x00000028   Code   RO         1412    i.LL_GPIO_SetPinMode  lcd_display.o
    0x080009b8   0x080009b8   0x00000028   Code   RO         1641    i.LL_GPIO_SetPinMode  main.o
    0x080009e0   0x080009e0   0x00000010   Code   RO         1642    i.LL_GPIO_SetPinOutputType  main.o
    0x080009f0   0x080009f0   0x00000028   Code   RO         1413    i.LL_GPIO_SetPinPull  lcd_display.o
    0x08000a18   0x08000a18   0x00000028   Code   RO         1643    i.LL_GPIO_SetPinPull  main.o
    0x08000a40   0x08000a40   0x00000028   Code   RO         1414    i.LL_GPIO_SetPinSpeed  lcd_display.o
    0x08000a68   0x08000a68   0x0000000c   Code   RO         1644    i.LL_I2C_AcknowledgeNextData  main.o
    0x08000a74   0x08000a74   0x00000010   Code   RO         1645    i.LL_I2C_ClearFlag_ADDR  main.o
    0x08000a84   0x08000a84   0x0000000a   Code   RO         1646    i.LL_I2C_ClearFlag_AF  main.o
    0x08000a8e   0x08000a8e   0x00000002   PAD
    0x08000a90   0x08000a90   0x000000bc   Code   RO         1647    i.LL_I2C_ConfigSpeed  main.o
    0x08000b4c   0x08000b4c   0x0000000a   Code   RO         1648    i.LL_I2C_GenerateStartCondition  main.o
    0x08000b56   0x08000b56   0x0000000a   Code   RO         1649    i.LL_I2C_GenerateStopCondition  main.o
    0x08000b60   0x08000b60   0x0000000a   Code   RO         1650    i.LL_I2C_IsActiveFlag_ADDR  main.o
    0x08000b6a   0x08000b6a   0x0000000a   Code   RO         1651    i.LL_I2C_IsActiveFlag_AF  main.o
    0x08000b74   0x08000b74   0x0000000a   Code   RO         1652    i.LL_I2C_IsActiveFlag_RXNE  main.o
    0x08000b7e   0x08000b7e   0x0000000a   Code   RO         1653    i.LL_I2C_IsActiveFlag_SB  main.o
    0x08000b88   0x08000b88   0x0000000a   Code   RO         1654    i.LL_I2C_IsActiveFlag_TXE  main.o
    0x08000b92   0x08000b92   0x0000000c   Code   RO         1655    i.LL_I2C_TransmitData8  main.o
    0x08000b9e   0x08000b9e   0x00000028   Code   RO          238    i.LL_mDelay         stm32f4xx_ll_utils.o
    0x08000bc6   0x08000bc6   0x00000004   Code   RO            7    i.MemManage_Handler  stm32f4xx_it.o
    0x08000bca   0x08000bca   0x00000002   Code   RO            8    i.NMI_Handler       stm32f4xx_it.o
    0x08000bcc   0x08000bcc   0x00000002   Code   RO            9    i.PendSV_Handler    stm32f4xx_it.o
    0x08000bce   0x08000bce   0x00000002   PAD
    0x08000bd0   0x08000bd0   0x00000020   Code   RO         1415    i.Reset_Display_Pin  lcd_display.o
    0x08000bf0   0x08000bf0   0x00000002   Code   RO           10    i.SVC_Handler       stm32f4xx_it.o
    0x08000bf2   0x08000bf2   0x00000002   PAD
    0x08000bf4   0x08000bf4   0x00000020   Code   RO         1416    i.Send_SPI_Byte     lcd_display.o
    0x08000c14   0x08000c14   0x00000054   Code   RO         1298    i.SysTick_Config    time_delays.o
    0x08000c68   0x08000c68   0x00000024   Code   RO         1299    i.SysTick_Config_MCE2  time_delays.o
    0x08000c8c   0x08000c8c   0x00000010   Code   RO         1300    i.SysTick_Handler   time_delays.o
    0x08000c9c   0x08000c9c   0x00000110   Code   RO         1366    i.SystemClock_Config  clk_config.o
    0x08000dac   0x08000dac   0x00000064   Code   RO          184    i.SystemInit        system_stm32f4xx.o
    0x08000e10   0x08000e10   0x00000004   Code   RO           11    i.UsageFault_Handler  stm32f4xx_it.o
    0x08000e14   0x08000e14   0x0000001e   Code   RO         1418    i.Write_Command_To_LCD  lcd_display.o
    0x08000e32   0x08000e32   0x0000001e   Code   RO         1419    i.Write_Data_To_LCD  lcd_display.o
    0x08000e50   0x08000e50   0x000000f8   Code   RO         1421    i.character         lcd_display.o
    0x08000f48   0x08000f48   0x00000094   Code   RO         1656    i.displayData       main.o
    0x08000fdc   0x08000fdc   0x0000001c   Code   RO         1423    i.height            lcd_display.o
    0x08000ff8   0x08000ff8   0x00000010   Code   RO         1657    i.joystick_centre   main.o
    0x08001008   0x08001008   0x00000010   Code   RO         1658    i.joystick_down     main.o
    0x08001018   0x08001018   0x00000010   Code   RO         1659    i.joystick_left     main.o
    0x08001028   0x08001028   0x00000010   Code   RO         1660    i.joystick_right    main.o
    0x08001038   0x08001038   0x00000010   Code   RO         1661    i.joystick_up       main.o
    0x08001048   0x08001048   0x00000014   Code   RO         1424    i.locate            lcd_display.o
    0x0800105c   0x0800105c   0x00000834   Code   RO         1662    i.main              main.o
    0x08001890   0x08001890   0x00000094   Code   RO         1425    i.pixel             lcd_display.o
    0x08001924   0x08001924   0x0000005c   Code   RO         1426    i.put_char          lcd_display.o
    0x08001980   0x08001980   0x00000048   Code   RO         1427    i.put_string        lcd_display.o
    0x080019c8   0x080019c8   0x0000000c   Code   RO         1429    i.set_font          lcd_display.o
    0x080019d4   0x080019d4   0x0000001c   Code   RO         1430    i.width             lcd_display.o
    0x080019f0   0x080019f0   0x0000000a   Code   RO         1963    x$fpl$fpinit        fz_wm.l(fpinit.o)
    0x080019fa   0x080019fa   0x00000002   PAD
    0x080019fc   0x080019fc   0x000034c4   Data   RO         1664    .constdata          main.o
    0x08004ec0   0x08004ec0   0x00000028   Data   RO         1820    .constdata          c_w.l(_printf_hex_int.o)
    0x08004ee8   0x08004ee8   0x00000020   Data   RO         2033    Region$$Table       anon$$obj.o


    Execution Region RW_IRAM1 (Exec base: 0x20000000, Load base: 0x08004f08, Size: 0x00000890, Max: 0x00018000, ABSOLUTE)

    Exec Addr    Load Addr    Size         Type   Attr      Idx    E Section Name        Object

    0x20000000   0x08004f08   0x00000004   Data   RW          186    .data               system_stm32f4xx.o
    0x20000004   0x08004f0c   0x00000004   Data   RW         1305    .data               time_delays.o
    0x20000008   0x08004f10   0x00000010   Data   RW         1433    .data               lcd_display.o
    0x20000018        -       0x00000200   Zero   RW         1431    .bss                lcd_display.o
    0x20000218        -       0x00000012   Zero   RW         1663    .bss                main.o
    0x2000022a   0x08004f20   0x00000002   PAD
    0x2000022c        -       0x00000060   Zero   RW         1905    .bss                c_w.l(libspace.o)
    0x2000028c   0x08004f20   0x00000004   PAD
    0x20000290        -       0x00000200   Zero   RW          174    HEAP                startup_stm32f401xe.o
    0x20000490        -       0x00000400   Zero   RW          173    STACK               startup_stm32f401xe.o


==============================================================================

Image component sizes


      Code (inc. data)   RO Data    RW Data    ZI Data      Debug   Object Name

       272         22          0          0          0      29277   clk_config.o
      1802        126          0         16        512      35693   lcd_display.o
      2822        244      13508          0         18      35375   main.o
        64         26        404          0       1536        880   startup_stm32f401xe.o
        24          0          0          0          0     351052   stm32f4xx_it.o
        40          0          0          0          0       7496   stm32f4xx_ll_utils.o
       100         18          0          4          0       1335   system_stm32f4xx.o
       136         18          0          4          0      32379   time_delays.o

    ----------------------------------------------------------------------
      5268        454      13944         24       2068     493487   Object Totals
         0          0         32          0          0          0   (incl. Generated)
         8          0          0          0          2          0   (incl. Padding)

    ----------------------------------------------------------------------

      Code (inc. data)   RO Data    RW Data    ZI Data      Debug   Library Member Name

         8          0          0          0          0         68   __main.o
       104          0          0          0          0         84   __printf.o
         0          0          0          0          0          0   __rtentry.o
        12          0          0          0          0          0   __rtentry2.o
         6          0          0          0          0          0   __rtentry4.o
        52          8          0          0          0          0   __scatter.o
        26          0          0          0          0          0   __scatter_copy.o
        28          0          0          0          0          0   __scatter_zi.o
        48          6          0          0          0         96   _printf_char_common.o
        88          4         40          0          0         88   _printf_hex_int.o
       178          0          0          0          0         88   _printf_intcommon.o
         0          0          0          0          0          0   _printf_percent.o
         4          0          0          0          0          0   _printf_percent_end.o
         6          0          0          0          0          0   _printf_x.o
        10          0          0          0          0         68   _sputc.o
        18          0          0          0          0         80   exit.o
         6          0          0          0          0        152   heapauxi.o
         0          0          0          0          0          0   indicate_semi.o
         2          0          0          0          0          0   libinit.o
         6          0          0          0          0          0   libinit2.o
         2          0          0          0          0          0   libshutdown.o
         2          0          0          0          0          0   libshutdown2.o
         8          4          0          0         96         68   libspace.o
        40          6          0          0          0         84   noretval__2sprintf.o
        68          0          0          0          0         68   rt_memclr.o
        78          0          0          0          0         80   rt_memclr_w.o
         2          0          0          0          0          0   rtexit.o
        10          0          0          0          0          0   rtexit2.o
        62          0          0          0          0         76   strlen.o
        12          4          0          0          0         68   sys_exit.o
        74          0          0          0          0         80   sys_stackheap_outer.o
         2          0          0          0          0         68   use_no_semi.o
        10          0          0          0          0        116   fpinit.o

    ----------------------------------------------------------------------
       980         32         40          0        100       1432   Library Totals
         8          0          0          0          4          0   (incl. Padding)

    ----------------------------------------------------------------------

      Code (inc. data)   RO Data    RW Data    ZI Data      Debug   Library Name

       962         32         40          0         96       1316   c_w.l
        10          0          0          0          0        116   fz_wm.l

    ----------------------------------------------------------------------
       980         32         40          0        100       1432   Library Totals

    ----------------------------------------------------------------------

==============================================================================


      Code (inc. data)   RO Data    RW Data    ZI Data      Debug   

      6248        486      13984         24       2168     488395   Grand Totals
      6248        486      13984         24       2168     488395   ELF Image Totals
      6248        486      13984         24          0          0   ROM Totals

==============================================================================

    Total RO  Size (Code + RO Data)                20232 (  19.76kB)
    Total RW  Size (RW Data + ZI Data)              2192 (   2.14kB)
    Total ROM Size (Code + RO Data + RW Data)      20256 (  19.78kB)

==============================================================================

